16:22:57 start (dryrun_fast.py: profile_person.resolve on the authors subset)

=== Krzysztof Matyjaszewski
OpenAlex author search not reachable (HTTPError): snapshot candidates only
 rank   author_id                       display_name               orcid  works_count  cited_by_count   match  affiliation_match   source                                          institutions
    1 A5056539244            Krzysztof Matyjaszewski 0000-0003-1960-3402         1768          158426 display               True snapshot                       Carnegie Mellon University (US)
    2 A5095795059      Prof. Krzysztof Matyjaszewski                None            2               1 display               True snapshot                       Carnegie Mellon University (US)
    3 A5097674061  Prof. Dr. Krzysztof Matyjaszewski                None            2               0 display               True snapshot                       Carnegie Mellon University (US)
    4 A5112835457            Krzysztof Matyjaszewski                None            3               0 display               True snapshot                       Carnegie Mellon University (US)
    5 A5075241687                    K Matyjaszewski                None            4              13 display              False snapshot                                                      
    6 A5065609258 Krzysztof Aleksander Matyjaszewski                None            8               7 display              False snapshot                            Institute of Polymers (BG)
    7 A5082177920                    K Matyjaszewski                None            1               2 display              False snapshot                                                      
    8 A5087639679                    K Matyjaszewski                None            1               1 display              False snapshot                                                      
    9 A5062379183                    K MATYJASZEWSKI                None            1               1 display              False snapshot                                                      
   10 A5041146039                    K Matyjaszewski                None            1               0 display              False snapshot Experimental Station (US); Wilmington University (US)
   11 A5044202244                   K. Matyjaszewski                None            1               0 display              False snapshot                                                      
   12 A5017668030             Kristoff Matyjaszewski                None            2              73   alias              False snapshot                                                      
query 'Krzysztof Matyjaszewski': picked A5056539244 Krzysztof Matyjaszewski [most cited (158,426 vs 1 citations)]; same-name fragments A5095795059, A5097674061, A5112835457

=== Mitsuo Sawamoto
OpenAlex author search not reachable (HTTPError): snapshot candidates only
 rank   author_id      display_name               orcid  works_count  cited_by_count   match  affiliation_match   source                                            institutions
    1 A5009874386   Mitsuo Sawamoto 0000-0003-0352-9666          523           27678 display              False snapshot      Green Chemistry (PL); Integra (United States) (US)
    2 A5083869496       M. Sawamoto                None            1              24 display              False snapshot                                                        
    3 A5007334005       M. Sawamoto                None            4              18 display              False snapshot                               Hiroshima University (JP)
    4 A5021066296       M. Sawamoto                None            2              16 display              False snapshot                                                        
    5 A5008271102       M. Sawamoto                None            2               1 display              False snapshot                                                        
    6 A5000240386   Mitsuo SAWAMOTO                None            1               0 display              False snapshot                                                        
    7 A5035079467       M. Sawamoto                None            1               0 display              False snapshot                                                        
    8 A5074617559       M. Sawamoto                None            1               0 display              False snapshot                                                        
    9 A5046868052        M Sawamoto                None            1               0 display              False snapshot                                                        
   10 A5030543857       M. Sawamoto                None            1               0 display              False snapshot                                                        
   11 A5047913277       M. Sawamoto                None            2               0 display              False snapshot                                                        
   12 A5103630418   Masaki Sawamoto                None          161            1262   alias              False snapshot                                                        
   13 A5056525620 Masakazu Sawamoto                None            5              28   alias              False snapshot                                Kanazawa University (JP)
   14 A5020268298   Mayuri Sawamoto                None            2               6   alias              False snapshot                              Osaka City University (JP)
   15 A5044633531    Masae Sawamoto                None            2               5   alias              False snapshot National Institute for Agro-Environmental Sciences (JP)
query 'Mitsuo Sawamoto': picked A5009874386 Mitsuo Sawamoto [most cited (27,678 vs 24 citations)]

=== Ezio Rizzardo
OpenAlex author search not reachable (HTTPError): snapshot candidates only
 rank   author_id  display_name orcid  works_count  cited_by_count   match  affiliation_match   source                                     institutions
    1 A5083403173 Ezio Rizzardo  None          254           31005 display               True snapshot CSIRO Manufacturing (AU); Monash University (AU)
    2 A5027122896   E. Rizzardo  None            1               1 display               True snapshot                         CSIRO Manufacturing (AU)
    3 A5033062693 EZIO RIZZARDO  None            1               1 display              False snapshot                                                 
    4 A5047504668 Ezio Rizzardo  None            4               0 display              False snapshot                           Monash University (AU)
    5 A5078267898 EZIO RIZZARDO  None            1               0 display              False snapshot                                                 
    6 A5035740298   E. Rizzardo  None            1               0 display              False snapshot                                                 
query 'Ezio Rizzardo': picked A5083403173 Ezio Rizzardo [most cited (31,005 vs 1 citations)]; same-name fragments A5047504668

=== David Klenerman
OpenAlex author search not reachable (HTTPError): snapshot candidates only
 rank   author_id    display_name               orcid  works_count  cited_by_count   match  affiliation_match   source                                                 institutions
    1 A5042822683 David Klenerman 0000-0001-7116-6954          516           26981 display               True snapshot Stowers Institute for Medical Research (US); Cambridge Schoo
    2 A5121227404 David Klenerman                None            2               0 display              False snapshot                                 Imperial College London (GB)
    3 A5033120373    D. Klenerman                None            1               0 display              False snapshot                                                             
    4 A5068855598    D. Klenerman                None            1               0 display              False snapshot                                                             
query 'David Klenerman': picked A5042822683 David Klenerman [only candidate at the given affiliation]

=== Shankar Balasubramanian
OpenAlex author search not reachable (HTTPError): snapshot candidates only
 rank   author_id            display_name               orcid  works_count  cited_by_count   match  affiliation_match   source                                                 institutions
    1 A5040551102 Shankar Balasubramanian 0000-0002-0281-5815          519           55485 display               True snapshot University of Cambridge (GB); Cambridge School (PT); Bridge 
    2 A5121215137 Shankar Balasubramanian                None            1               0 display               True snapshot                                 University of Cambridge (GB)
    3 A5035106650 Skankar Balasubramanian                None            2               6   alias               True snapshot                                 University of Cambridge (GB)
    4 A5022956004      S. Balasubramanian 0000-0002-6277-2837          322            6934 display              False snapshot                     Agnitron Technology (United States) (US)
    5 A5043966719   S. C. Balasubramanian                None           17            2664 display              False snapshot                                                             
    6 A5113869683      S. Balasubramanian                None           83            1206 display              False snapshot Tamil Nadu Agricultural University (IN); Nassau University M
    7 A5101606796      S. Balasubramanian 0000-0002-3044-4097           52            1178 display              False snapshot KPR Institute of Engineering and Technology (IN); University
    8 A5050935020      S. Balasubramanian 0000-0002-0906-9819          109            1112 display              False snapshot                                    Annamalai University (IN)
    9 A5004865243      S. Balasubramanian 0000-0002-2641-4602           40             861 display              False snapshot University of Calgary (CA); Vel Tech Rangarajan Dr. Saguntha
   10 A5006197061      S. Balasubramanian 0000-0001-8947-4840          102             666 display              False snapshot Amrita Vishwa Vidyapeetham (IN); Government of Maharashtra (
   11 A5110081317      S. Balasubramanian                None           24             615 display              False snapshot                              Madurai Kamaraj University (IN)
   12 A5032320706      S. Balasubramanian                None           29             606 display              False snapshot                   Fermi National Accelerator Laboratory (US)
   13 A5109918742      S. Balasubramanian 0009-0000-2161-5643           37             572 display              False snapshot      Shrewsbury College (GB); Royal Shrewsbury Hospital (GB)
   14 A5049606178       S Balasubramanian 0000-0003-3334-7222           63             405 display              False snapshot                                                             
   15 A5072836218      S. Balasubramanian 0000-0002-6277-2837           13             405 display              False snapshot                   Fermi National Accelerator Laboratory (US)
query 'Shankar Balasubramanian': picked A5040551102 Shankar Balasubramanian [most cited (55,485 vs 0 citations)]

=== Pascal Mayer
OpenAlex author search not reachable (HTTPError): snapshot candidates only
 rank   author_id display_name               orcid  works_count  cited_by_count   match  affiliation_match   source                                                 institutions
    1 A5008914922     P. Mayer 0000-0001-6112-4398          619            4490 display              False snapshot                                    University of Ottawa (CA)
    2 A5109557158     P. Mayer                None          343            4383 display              False snapshot Ludwig-Maximilians-Universität München (DE); Center for Nano
    3 A5038952642     P. Mayer                None           18             793 display              False snapshot                                                             
    4 A5108459536     P. Mayer                None           14             546 display              False snapshot                                                             
    5 A5003816322     P. Mayer 0000-0003-1892-1345          144             486 display              False snapshot Czech Academy of Sciences, Astronomical Institute (CZ); Char
    6 A5050699304 Pascal Mayer 0000-0003-3348-9036           33             427 display              False snapshot                Université de Pau et des Pays de l'Adour (FR)
    7 A5048873686     P. Mayer 0000-0002-9340-8296           36             288 display              False snapshot Wrocław University of Science and Technology (PL); AGH Unive
    8 A5110496482      P Mayer 0000-0002-0274-1537            7             135 display              False snapshot                          Technical University of Munich (DE)
    9 A5066700444      P Mayer 0000-0003-0832-781X            5             110 display              False snapshot                                    University of Vienna (AT)
   10 A5111063779     P. Mayer                None            4              98 display              False snapshot                                                             
   11 A5051425664     P. Mayer 0000-0001-9230-4869            9              89 display              False snapshot                     Universitat Politècnica de València (ES)
   12 A5103471843    P J Mayer                None            5              76 display              False snapshot                                                             
   13 A5062154364    P V Mayer                None            1              45 display              False snapshot                                                             
   14 A5084932424    P S MAYER                None            1              34 display              False snapshot                                                             
   15 A5044913268      P Mayer                None            2              27 display              False snapshot                                                             
NOT RESOLVED: ambiguous: the two most cited candidates have 4,490 and 4,383 citations. Choose with --pick N (the rank above), --affiliation, --orcid or --author-id.

=== Henry J. Snaith
OpenAlex author search not reachable (HTTPError): snapshot candidates only
 rank   author_id    display_name               orcid  works_count  cited_by_count   match  affiliation_match   source                      institutions
    1 A5081428881 Henry J. Snaith 0000-0001-8511-790X          735          173047 display               True snapshot         University of Oxford (GB)
    2 A5122924083        H Snaith                None            1               0 display              False snapshot                                  
    3 A5110678482       H. Snaith                None            3               0 display              False snapshot                                  
    4 A5059074242 Helen M. Snaith 0000-0001-7751-2985           72            1549   alias              False snapshot National Oceanography Centre (GB)
    5 A5070364816    H. M. Snaith                None            6             136   alias              False snapshot                                  
query 'Henry J. Snaith': picked A5081428881 Henry J. Snaith [only candidate at the given affiliation]

=== Nam-Gyu Park
OpenAlex author search not reachable (HTTPError): snapshot candidates only
 rank   author_id  display_name               orcid  works_count  cited_by_count   match  affiliation_match   source                                                 institutions
    1 A5013544504  Nam‐Gyu Park 0000-0003-2368-6300         1070           81226 display               True snapshot Energy Institute (GB); Korea University of Science and Techn
    2 A5111808545 Na Young Park                None            2              12   alias               True snapshot                                 Sungkyunkwan University (KR)
    3 A5051708983       N. Park 0000-0002-4282-736X           95            3206 display              False snapshot                                      Queen's University (CA)
    4 A5103107613  Nam Gyu Park 0000-0002-7816-1491           88            1309 display              False snapshot                                                             
    5 A5010804661       N. Park                None           31            1131 display              False snapshot                                                             
    6 A5032592992       N. Park                None            2             429 display              False snapshot                        University of California, Irvine (US)
    7 A5062866635       N. Park                None            5             354 display              False snapshot                                                             
    8 A5028731059        N Park                None            2             297 display              False snapshot        Columbia University (US); New York Genome Center (US)
    9 A5074987121       N. Park                None            8             224 display              False snapshot                                                             
   10 A5072317446       N. Park                None            7             211 display              False snapshot                            Atomic Weapons Establishment (GB)
   11 A5112970883       N. Park 0009-0000-0825-402X           51             192 display              False snapshot Kongju National University (KR); Oklahoma State University (
   12 A5057680804       N. Park                None            2             170 display              False snapshot                                                             
   13 A5008237215       N. Park                None            1             157 display              False snapshot                         University of Wisconsin–Madison (US)
   14 A5042291887       N. Park                None            5             145 display              False snapshot                                                             
   15 A5044802050       N. Park                None            1             138 display              False snapshot                               St Bartholomew's Hospital (GB)
query 'Nam-Gyu Park': picked A5013544504 Nam‐Gyu Park [only candidate at the given affiliation]

=== Tsutomu Miyasaka
OpenAlex author search not reachable (HTTPError): snapshot candidates only
 rank   author_id     display_name               orcid  works_count  cited_by_count   match  affiliation_match   source                                                 institutions
    1 A5030322278 Tsutomu Miyasaka 0000-0001-8535-7911          411           55318 display               True snapshot Toin University of Yokohama (JP); The University of Tokyo (J
    2 A5033545639 Toshiki Miyasaka                None           10              40   alias               True snapshot                            Yokohama National University (JP)
    3 A5109993095      T. MIYASAKA                None           71            1021 display              False snapshot                                        Kyoto University (JP)
    4 A5111707322      T. MIYASAKA                None          116             669 display              False snapshot                                        Tokai University (JP)
    5 A5061943095      T. Miyasaka                None           10             507 display              False snapshot                                                   RIKEN (JP)
    6 A5037228672      T. Miyasaka                None           12             163 display              False snapshot                                                             
    7 A5111649071      T. Miyasaka                None           14              61 display              False snapshot                                                             
    8 A5065616958      T. Miyasaka                None            1              21 display              False snapshot                                                             
    9 A5050773536      T. Miyasaka                None            1              13 display              False snapshot                                                             
   10 A5045279390       T Miyasaka                None            1              11 display              False snapshot                                                             
   11 A5033159146      T. Miyasaka                None            1              10 display              False snapshot             Alzheimer’s Disease Neuroimaging Initiative (US)
   12 A5002300563       T Miyasaka                None            9               8 display              False snapshot                                                             
   13 A5010955116       T Miyasaka                None           11               8 display              False snapshot                                                             
   14 A5020988664       T Miyasaka                None            1               0 display              False snapshot                                                             
   15 A5050026460      T. MIYASAKA                None            2               0 display              False snapshot                                                             
query 'Tsutomu Miyasaka': picked A5030322278 Tsutomu Miyasaka [only candidate at the given affiliation]

=== Marvin H. Caruthers
OpenAlex author search not reachable (HTTPError): snapshot candidates only
 rank   author_id        display_name               orcid  works_count  cited_by_count   match  affiliation_match   source                                       institutions
    1 A5027707988 Marvin H. Caruthers 0000-0002-4931-468X          223           12956 display               True snapshot                University of Colorado Boulder (US)
    2 A5052458327     M. H. CARUTHERS                None           23            1231 display              False snapshot                                                   
    3 A5095944982 Mackenzie Caruthers                None            6               1   alias              False snapshot Riverside Methodist Hospital (US); OhioHealth (US)
query 'Marvin H. Caruthers': picked A5027707988 Marvin H. Caruthers [only candidate at the given affiliation]

=== Serge L. Beaucage
OpenAlex author search not reachable (HTTPError): snapshot candidates only
 rank   author_id      display_name               orcid  works_count  cited_by_count   match  affiliation_match   source                                                 institutions
    1 A5022821865 Serge L. Beaucage 0000-0001-9320-5395          191            8432 display               True snapshot United States Food and Drug Administration (US); Food and Dr
    2 A5017761532    S. L. BEAUCAGE                None            1               0 display              False snapshot                                                             
    3 A5021723822    S. L. BEAUCAGE                None            1               0 display              False snapshot                                                             
query 'Serge L. Beaucage': picked A5022821865 Serge L. Beaucage [only candidate at the given affiliation]

=== Mark D. Matteucci
OpenAlex author search not reachable (HTTPError): snapshot candidates only
 rank   author_id           display_name               orcid  works_count  cited_by_count   match  affiliation_match   source                                                 institutions
    1 A5111590685      Mark D. Matteucci                None           98            6184 display              False snapshot                                           Cancer Clinic (US)
    2 A5111668579         Mark Matteucci                None           36            1446 display              False snapshot               Threshold Pharmaceuticals (United States) (US)
    3 A5063016978           M. Matteucci 0000-0002-3660-5621           89            1210 display              False snapshot Ørsted (Denmark) (DK); Technical University of Denmark (DK);
    4 A5002982088           M. Matteucci                None            7             186 display              False snapshot                             Sapienza University of Rome (IT)
    5 A5035379111            M Matteucci                None            1              45 display              False snapshot                                                             
    6 A5109886177           M. Matteucci                None            5              13 display              False snapshot                           Marche Polytechnic University (IT)
    7 A5034599183           M. Matteucci                None            1               1 display              False snapshot                                                             
    8 A5056711769           M. Matteucci                None            2               0 display              False snapshot                                                             
    9 A5073532822           M. Matteucci                None            2               0 display              False snapshot                                                             
   10 A5071779313           M. Matteucci                None            1               0 display              False snapshot                                                             
   11 A5041501720            M Matteucci                None            1               0 display              False snapshot                                                             
   12 A5003932703       Matteo Matteucci 0000-0002-8306-6739          515            6795   alias              False snapshot   Politecnico di Milano (IT); EssilorLuxottica (France) (FR)
   13 A5002561302        Marco Matteucci 0000-0002-7224-2522           78            1967   alias              False snapshot                              Scuola Superiore Sant'Anna (IT)
   14 A5025067372       Matteo Matteucci 0000-0003-0694-2747          108            1579   alias              False snapshot Fondazione Audiologica Varese (IT); Ospedale San Paolo (IT);
   15 A5014795604 Maria Chiara Matteucci 0000-0002-4716-2627           54            1367   alias              False snapshot                                  Azienda USL di Bologna (IT)
query 'Mark D. Matteucci': picked A5111590685 Mark D. Matteucci [most cited (6,184 vs 1,446 citations)]

=== John F. Hartwig
OpenAlex author search not reachable (HTTPError): snapshot candidates only
 rank   author_id    display_name               orcid  works_count  cited_by_count   match  affiliation_match   source                                                 institutions
    1 A5099899912 John F. Hartwig                None            1               0 display               True snapshot University of California, Berkeley (US); NOAA Chemical Scien
    2 A5088865204 John F. Hartwig 0000-0002-4157-468X         1112           93713 display              False snapshot                         University of California System (US)
    3 A5063626024      J. Härtwig 0000-0002-0504-3937          155            4151 display              False snapshot                                   Glenn Research Center (US)
    4 A5010864569      J. Hartwig                None           16             268 display              False snapshot                                                             
    5 A5110026668      J. Hartwig                None            5             157 display              False snapshot                                  Infirmerie Protestante (FR)
    6 A5047645626      J. Härtwig                None           20             103 display              False snapshot                                                             
    7 A5111525063      J. Härtwig                None            5              45 display              False snapshot                 European Synchrotron Radiation Facility (FR)
    8 A5014653350       J Hartwig                None            7              40 display              False snapshot               Universidade Federal do Rio Grande do Sul (BR)
    9 A5091539865       J Hartwig                None            6              24 display              False snapshot                                                             
   10 A5064595687       J Hartwig                None            8              20 display              False snapshot                                  University of Missouri (US)
   11 A5090284177      J. Hartwig                None            1              16 display              False snapshot                                                             
   12 A5048608754      J. Hartwig                None            2               5 display              False snapshot                                                             
   13 A5044065367      J. Hartwig                None            4               4 display              False snapshot                                                             
   14 A5065840290      J. Hartwig                None           15               2 display              False snapshot                                                             
   15 A5076153986      J. Hartwig                None            3               2 display              False snapshot                                                             
query 'John F. Hartwig': picked A5099899912 John F. Hartwig [only candidate at the given affiliation]

=== Jin-Quan Yu
OpenAlex author search not reachable (HTTPError): snapshot candidates only
 rank   author_id display_name               orcid  works_count  cited_by_count   match  affiliation_match   source                                                 institutions
    1 A5018896725         J Yu                None            1               3 display               True snapshot Scripps Health (US); Salk Institute for Biological Studies (
    2 A5122352517  Jin‐Quan Yu                None            2               0 display               True snapshot                              Scripps Research Institute (US)
    3 A5108685090  Jin‐Quan Yu 0000-0003-3560-5774          690           66635 display              False snapshot                                                             
    4 A5107857753        J. Yu                None          607           54450 display              False snapshot Shenyang Ligong University (CN); University of Calgary (CA);
    5 A5100766067       Jin Yu 0000-0002-2990-6602           49           34206 display              False snapshot Zhongnan Hospital of Wuhan University (CN); Wuhan University
    6 A5107832339        J. Yu 0000-0002-6718-2975          625           29929 display              False snapshot                                                             
    7 A5106787043        J. Yu                None            7           20887 display              False snapshot Oklahoma State University (US); The University of Texas at A
    8 A5107926045        J. Yu                None          183           14423 display              False snapshot                                                             
    9 A5108041208        J. Yu 0000-0002-0398-8179          193           12421 display              False snapshot                       Communication University of China (CN)
   10 A5102875979       Jin Yu 0000-0003-3924-8858          351           10474 display              False snapshot Tianjin Research Institute of Electric Science (China) (CN);
   11 A5107854804        J. Yu                None           87            9019 display              False snapshot            Jiangsu University of Science and Technology (CN)
   12 A5039714893       Jin Yu 0000-0001-7596-2173          257            7897 display              False snapshot Pingdingshan University (CN); Chengdu University of Technolo
   13 A5100715209       Jin Yu 0000-0003-2049-3677          210            7420 display              False snapshot Anhui Medical University (CN); Ministry of Education (KN); J
   14 A5106541712        J. Yu 0009-0009-6497-7367           87            6702 display              False snapshot     Chongqing Normal University (CN); Shanxi University (CN)
   15 A5112244712        J. Yu                None           77            5984 display              False snapshot Central China Normal University (CN); Kunsan National Univer
query 'Jin-Quan Yu': picked A5018896725 J Yu [most cited (3 vs 0 citations)]

=== Robert G. Bergman
OpenAlex author search not reachable (HTTPError): snapshot candidates only
 rank   author_id       display_name               orcid  works_count  cited_by_count   match  affiliation_match   source                                                 institutions
    1 A5047518475  Robert G. Bergman 0000-0002-3105-8366         1323           60681 display               True snapshot Lawrence Berkeley National Laboratory (US); University of Ca
    2 A5001060352      R. G. Bergman                None            1              76 display               True snapshot                      University of California, Berkeley (US)
    3 A5111786658  Robert G. Bergman                None            1              11 display               True snapshot                      University of California, Berkeley (US)
    4 A5061197679 R. Lindsey Bergman                None            2               0   alias               True snapshot Lawrence Berkeley National Laboratory (US); University of Ca
    5 A5081697509       R.G. Bergman                None          161            3773 display              False snapshot                                                             
    6 A5090118646  Robert G. Bergman                None           40             805 display              False snapshot                                                             
    7 A5114257814          R Bergman                None          148             608 display              False snapshot                                                             
    8 A5112014912         R. Bergman                None           47             478 display              False snapshot                                                             
    9 A5047661482         R. Bergman                None           15             393 display              False snapshot                                                             
   10 A5108415611     Robert Bergman                None           14             278 display              False snapshot                                                             
   11 A5087315314          R Bergman                None            7             240 display              False snapshot                                     Tel Aviv University (IL)
   12 A5012082865         R. Bergman                None           26             184 display              False snapshot                     Sami Shamoon College of Engineering (IL)
   13 A5065596549     Robert Bergman                None           13             183 display              False snapshot                                                             
   14 A5113831341         R. Bergman                None           23             174 display              False snapshot                                         Umeå University (SE)
   15 A5006146387          R Bergman                None           52             121 display              False snapshot                                      Churchill Hospital (GB)
query 'Robert G. Bergman': picked A5047518475 Robert G. Bergman [most cited (60,681 vs 76 citations)]

=== Pieter R. Cullis
OpenAlex author search not reachable (HTTPError): snapshot candidates only
 rank   author_id     display_name               orcid  works_count  cited_by_count   match  affiliation_match   source                                                 institutions
    1 A5050350074 Pieter R. Cullis 0000-0001-9586-2508          410           53246 display               True snapshot iCo Therapeutics (Canada) (CA); Pharmaceutical Biotechnology
    2 A5112078985      P.R. Cullis                None           41            4951 display               True snapshot                None (?); University of British Columbia (CA)
    3 A5111897476 Pieter R. Cullis                None            9             553 display               True snapshot                         Inimex Pharmaceuticals (Canada) (CA)
    4 A5021561631      P.R. Cullis                None            1               2 display              False snapshot                                                             
    5 A5037803083      P.R. Cullis                None            1               2 display              False snapshot                                                             
    6 A5110526775 Pieter R. Cullis                None            1               1 display              False snapshot                                                             
    7 A5010045915       P R Cullis                None            1               0 display              False snapshot                                                             
    8 A5025805469         P Cullis                None            1               0 display              False snapshot                             Royal Hospital for Children (GB)
    9 A5069101665   Paul M. Cullis 0000-0003-3583-0162          220            5131   alias              False snapshot                                 University of Leicester (GB)
   10 A5020175601   Patrick Cullis 0000-0002-8723-6280           56            1161   alias              False snapshot Cooperative Institute for Research in Environmental Sciences
   11 A5082064833      Paul Cullis 0000-0003-4479-6621           36             508   alias              False snapshot Royal Hospital for Children (GB); University of Edinburgh (G
   12 A5031563288   Paul A. Cullis                None           23             407   alias              False snapshot                                               Ascension (US)
   13 A5064386474  Peter G. Cullis                None            8             104   alias              False snapshot                                         RMIT University (AU)
query 'Pieter R. Cullis': picked A5050350074 Pieter R. Cullis [most cited (53,246 vs 4,951 citations)]; same-name fragments A5111897476

=== Robert S. Langer
OpenAlex author search not reachable (HTTPError): snapshot candidates only
 rank   author_id  display_name               orcid  works_count  cited_by_count   match  affiliation_match   source                                                 institutions
    1 A5042597057 Róbert Langer 0000-0003-4255-0492         1958          290231 display              False snapshot Harvard University (US); Massachusetts Institute of Technolo
    2 A5113644710 Robert Langer 0000-0003-1703-6707          144           18184 display              False snapshot                                                             
    3 A5078076793 Róbert Langer 0000-0001-5746-9940          265            8404 display              False snapshot Massachusetts Institute of Technology (US); Institute of Che
    4 A5080569354     R. Langer                None          166            6405 display              False snapshot                   Massachusetts Institute of Technology (US)
    5 A5108810561     R. Langer                None           95            1911 display              False snapshot                               Marienkrankenhaus Hamburg (DE)
    6 A5102992036     R. Langer 0000-0002-1132-3468          154            1860 display              False snapshot                         IMEC (BE); Imec the Netherlands (NL)
    7 A5110410796 Robert Langer                None           31            1770 display              False snapshot                   Massachusetts Institute of Technology (US)
    8 A5111710437 Robert Langer                None           10            1602 display              False snapshot                   Massachusetts Institute of Technology (US)
    9 A5111855148 Robert Langer                None            6            1445 display              False snapshot       Harvard University Press (US); Cambridge Hospital (US)
   10 A5056145658 Robert Langer                None            6            1433 display              False snapshot                                                             
   11 A5110606118 Robert Langer                None            7             486 display              False snapshot                                                 IIT@MIT (US)
   12 A5033908262     R. Langer 0000-0002-9252-7293           50             391 display              False snapshot Institute of Experimental Physics of the Slovak Academy of S
   13 A5005923539   R.S. Langer                None            3             319 display              False snapshot                                                             
   14 A5105946567 Robert Langer                None            2             271 display              False snapshot                   Massachusetts Institute of Technology (US)
   15 A5060208594     R. Langer                None            9             238 display              False snapshot                             German Broadcasting Archive (DE)
query 'Robert S. Langer': picked A5042597057 Róbert Langer [most cited (290,231 vs 18,184 citations)]; same-name fragments A5111855148

=== Kazunori Kataoka
OpenAlex author search not reachable (HTTPError): snapshot candidates only
 rank   author_id     display_name               orcid  works_count  cited_by_count   match  affiliation_match   source                                                 institutions
    1 A5015097923 Kazunori Kataoka 0000-0002-8591-413X         1112           89506 display               True snapshot Innovation Center of NanoMedicine (JP); Tokyo Dental College
    2 A5078678170 Kazunori Kataoka                None           13             192 display               True snapshot                       Innovation Center of NanoMedicine (JP)
    3 A5111791358       K. Kataoka                None           57            2103 display              False snapshot                           Tokyo Institute of Technology (JP)
    4 A5111700379        K Kataoka                None           29             917 display              False snapshot                                        Hyogo University (JP)
    5 A5057871826        K Kataoka                None           19             225 display              False snapshot  Fukuoka Institute of Health and Environmental Sciences (JP)
    6 A5111520598       K. Kataoka                None            5             181 display              False snapshot                                        Osaka University (JP)
    7 A5065830810       K. Kataoka                None            8             147 display              False snapshot                                                             
    8 A5075306650 Kazunori Kataoka                None           10             118 display              False snapshot University of Occupational and Environmental Health Japan (J
    9 A5079483226       K. Kataoka                None           10              70 display              False snapshot                                                             
   10 A5090642824       K. KATAOKA                None            5              39 display              False snapshot Noda Institute for Scientific Research (JP); Toho University
   11 A5065414861       K. Kataoka 0000-0002-6048-3118           14              38 display              False snapshot                                       Tohoku University (JP)
   12 A5113610002        K Kataoka                None            4              36 display              False snapshot                                     Kumamoto University (JP)
   13 A5113735876       K. Kataoka                None            4              32 display              False snapshot                                        Kyoto University (JP)
   14 A5080948026       K. Kataoka                None           11              21 display              False snapshot                                                             
   15 A5048167068        K Kataoka                None            5              11 display              False snapshot                                                             
query 'Kazunori Kataoka': picked A5015097923 Kazunori Kataoka [most cited (89,506 vs 192 citations)]; same-name fragments A5078678170

=== Craig M. Crews
OpenAlex author search not reachable (HTTPError): snapshot candidates only
 rank   author_id         display_name               orcid  works_count  cited_by_count   match  affiliation_match   source                                                 institutions
    1 A5016866989       Craig M. Crews 0000-0002-8456-2005          313           42092 display               True snapshot Cellular Research (United States) (US); Institut de Biologie
    2 A5077991520              C Crews                None            2              38 display               True snapshot                                         Yale University (US)
    3 A5080670940           C.M. Crews                None            1              25 display               True snapshot                                         Yale University (US)
    4 A5014491398          C. M. Crews                None            1               0 display               True snapshot                                         Yale University (US)
    5 A5110284772              C Crews                None            4             153 display              False snapshot                                                             
    6 A5047535663          C. M. Crews                None            1              14 display              False snapshot                                                             
    7 A5054338645           C.M. Crews                None            1               0 display              False snapshot                                                             
    8 A5021201207           C.M. Crews                None            1               0 display              False snapshot                                                             
    9 A5060454935          Colin Crews                None          116            5755   alias              False snapshot                           Fera Science (United Kingdom) (GB)
   10 A5021437224         Chiaki Crews 0000-0002-1439-3074           24             154   alias              False snapshot                                     The Open University (GB)
   11 A5048997336             CM Crews                None            6             153   alias              False snapshot                                 Arvinas (United States) (US)
   12 A5075370588        Cassidy Crews 0000-0002-7326-1688            9              74   alias              False snapshot                          Charleston Area Medical Center (US)
   13 A5001610966 Corbin William Crews                None            3               1   alias              False snapshot                                  Total (United Kingdom) (GB)
   14 A5020130144          Carli Crews                None            2               0   alias              False snapshot                                                             
query 'Craig M. Crews': picked A5016866989 Craig M. Crews [most cited (42,092 vs 38 citations)]

=== Raymond J. Deshaies
OpenAlex author search not reachable (HTTPError): snapshot candidates only
 rank   author_id        display_name               orcid  works_count  cited_by_count   match  affiliation_match   source                institutions
    1 A5066867755 Raymond J. Deshaies 0000-0002-3671-9354          233           38235 display               True snapshot  Amgen (United States) (US)
    2 A5005872963         R. DesHaies                None            4               4 display              False snapshot                            
    3 A5037690351    Raymond Deshaies                None            1               0 display              False snapshot                            
    4 A5059086188         R. DesHaies                None            1               0 display              False snapshot Atomic Energy (Canada) (CA)
    5 A5010047719          R Deshaies                None            1               0 display              False snapshot                            
query 'Raymond J. Deshaies': picked A5066867755 Raymond J. Deshaies [only candidate at the given affiliation]

=== Stuart L. Schreiber
OpenAlex author search not reachable (HTTPError): snapshot candidates only
 rank   author_id                  display_name               orcid  works_count  cited_by_count   match  affiliation_match   source                                                 institutions
    1 A5035618234           Stuart L. Schreiber 0000-0003-1922-7558         1301          131059 display               True snapshot Harvard University Press (US); Broad Institute (US); United 
    2 A5111848285           Stuart L. Schreiber                None           12            3187 display               True snapshot Harvard University (US); Broad Institute (US); Howard Hughes
    3 A5109170929           Stuart L. Schreiber                None            3             138 display               True snapshot Howard Hughes Medical Institute (US); Harvard University (US
    4 A5108774877 Prof. Dr. Stuart L. Schreiber                None            2               0 display               True snapshot Harvard University (US); Broad Institute (US); Howard Hughes
    5 A5012922840                  S. Schreiber                None            1               0 display               True snapshot                Harvard University (US); Broad Institute (US)
    6 A5013866805                  S. Schreiber 0000-0001-7705-649X          325            9292 display              False snapshot                   Deutsches Elektronen-Synchrotron DESY (DE)
    7 A5112214406                S.L. Schreiber                None          112            2754 display              False snapshot                                                             
    8 A5110957954                   S Schreiber                None           44            2390 display              False snapshot University Hospital Schleswig-Holstein (DE); Kiel University
    9 A5090533602                   S Schreiber 0000-0001-5219-7974          151            1818 display              False snapshot Kiel University (DE); Schmerzklinik Kiel (DE); Institute of 
   10 A5108450067                  S. Schreiber                None           43            1312 display              False snapshot                            Helios Amper-Klinikum Dachau (DE)
   11 A5113605583                  S. Schreiber 0009-0001-0604-9257           50             964 display              False snapshot                          Hebrew University of Jerusalem (IL)
   12 A5108097750                  S. Schreiber                None            7             832 display              False snapshot Kiel University (DE); University of Lübeck (DE); University 
   13 A5067061296                  S. Schreiber                None            4              89 display              False snapshot                                                             
   14 A5067322358                  S. Schreiber                None            7              79 display              False snapshot                                 Paul Scherrer Institute (CH)
   15 A5052438562                  S. Schreiber                None            6              28 display              False snapshot                                                             
query 'Stuart L. Schreiber': picked A5035618234 Stuart L. Schreiber [most cited (131,059 vs 3,187 citations)]; same-name fragments A5111848285, A5109170929, A5108774877

=== Arthur L. Horwich
OpenAlex author search not reachable (HTTPError): snapshot candidates only
 rank   author_id      display_name               orcid  works_count  cited_by_count   match  affiliation_match   source                                                 institutions
    1 A5034561133 Arthur L. Horwich 0000-0001-9561-8839          205           24524 display               True snapshot                                         Yale University (US)
    2 A5078274204        A. Horwich                None           39             378 display               True snapshot                                         Yale University (US)
    3 A5003563674        A. Horwich                None          269           19387 display              False snapshot                            Institute of Cancer Research (GB)
    4 A5111710834      A.L. Horwich                None           24            1485 display              False snapshot                                                             
    5 A5087857206        A. Horwich                None            2              37 display              False snapshot Royal Marsden NHS Foundation Trust (GB); Institute of Cancer
    6 A5031427917        A. Horwich                None            1              10 display              False snapshot                                                             
    7 A5022473395        A. Horwich                None            2               6 display              False snapshot                                                             
    8 A5029190531        A. Horwich                None            1               4 display              False snapshot                                                             
    9 A5084515874        A. Horwich                None            1               2 display              False snapshot                                                             
   10 A5013813507         A Horwich                None            1               1 display              False snapshot                                                             
   11 A5025042095        A. Horwich                None            1               0 display              False snapshot                                                             
   12 A5062170770        A. Horwich                None            1               0 display              False snapshot                                                             
   13 A5030502906         A Horwich                None            1               0 display              False snapshot                                                             
   14 A5002292664         A HORWICH                None            1               0 display              False snapshot                                                             
   15 A5001162465        A. Horwich                None            1               0 display              False snapshot                                                             
query 'Arthur L. Horwich': picked A5034561133 Arthur L. Horwich [most cited (24,524 vs 378 citations)]

=== F. Ulrich Hartl
OpenAlex author search not reachable (HTTPError): snapshot candidates only
 rank   author_id       display_name               orcid  works_count  cited_by_count   match  affiliation_match   source                                                 institutions
    1 A5086048712    F. Ulrich Hartl 0000-0002-7941-135X          481           67890 display               True snapshot                    Max Planck Institute of Biochemistry (DE)
    2 A5111580352    F. Ulrich Hartl                None            5            3699 display               True snapshot Munich Cluster for Systems Neurology (DE); Max Planck Instit
    3 A5109893703     F.Ulrich Hartl                None            7            1533 display               True snapshot Max Planck Institute of Neurobiology (DE); Max Planck Instit
    4 A5103518730    F. Ulrich Hartl 0000-0002-7941-135X            4             764 display               True snapshot                    Max Planck Institute of Biochemistry (DE)
    5 A5081304102         F.U. Hartl                None            1               6 display               True snapshot                    Max Planck Institute of Biochemistry (DE)
    6 A5103363402     F‐Ulrich Hartl                None            1               4 display               True snapshot Max Planck Society (DE); Max Planck Institute of Biochemistr
    7 A5103369334 Franz Ulrich Hartl                None            2               3 display               True snapshot Max Planck Institute of Biochemistry (DE); Max Planck Societ
    8 A5076815286         F.U. Hartl                None            1               1 display               True snapshot                    Max Planck Institute of Biochemistry (DE)
    9 A5041015141     F Ulrich Hartl                None            1               0 display               True snapshot                    Max Planck Institute of Biochemistry (DE)
   10 A5065419027    František Hartl 0000-0002-7013-5360          317            7197 display              False snapshot                                   University of Reading (GB)
   11 A5054573386      Florian Hartl                None           23            1346 display              False snapshot       Institut National des Sciences Appliquées de Lyon (FR)
   12 A5005842616           F. Hartl                None           36            1025 display              False snapshot                                                             
   13 A5014051584       Fabian Härtl 0000-0002-4966-4786           25             920 display              False snapshot                          Technical University of Munich (DE)
   14 A5059688169       Fabian Hartl 0000-0003-0687-1029           21             571 display              False snapshot                                   University of Cologne (DE)
   15 A5112206080        Felix Härtl                None           28             189 display              False snapshot Baidu (China) (CN); Ashland (United States) (US); Council of
query 'F. Ulrich Hartl': picked A5086048712 F. Ulrich Hartl [most cited (67,890 vs 3,699 citations)]; same-name fragments A5111580352, A5109893703, A5103518730

=== David W. Deamer
OpenAlex author search not reachable (HTTPError): snapshot candidates only
 rank   author_id    display_name               orcid  works_count  cited_by_count   match  affiliation_match   source                              institutions
    1 A5004480690 David W. Deamer 0000-0002-3904-548X          417           29867 display               True snapshot University of California, Santa Cruz (US)
    2 A5092556607    David Deamer                None            1               0 display               True snapshot University of California, Santa Cruz (US)
    3 A5092777580    David Deamer                None            2               0 display               True snapshot University of California, Santa Cruz (US)
    4 A5067551034 David W. Deamer 0000-0003-3458-0296           25             138 display              False snapshot                                          
    5 A5110704595    David Deamer                None           14             129 display              False snapshot                                          
    6 A5112182069    D. W. Deamer                None            2              67 display              False snapshot                                          
    7 A5019341019    D. W. Deamer                None            1              39 display              False snapshot                                          
    8 A5099191704    David Deamer                None            1               0 display              False snapshot                                          
    9 A5099191812    David Deamer                None            1               0 display              False snapshot                                          
   10 A5100061519    David Deamer                None            1               0 display              False snapshot                                          
   11 A5094880629    David Deamer                None            1               0 display              False snapshot                                          
   12 A5099191918    David Deamer                None            6               0 display              False snapshot                                          
   13 A5099191639    David Deamer                None            2               0 display              False snapshot                                          
   14 A5079629651     D.W. Deamer                None            1               0 display              False snapshot                                          
   15 A5099192130    David Deamer                None            1               0 display              False snapshot                                          
query 'David W. Deamer': picked A5004480690 David W. Deamer [most cited (29,867 vs 0 citations)]

=== Hagan Bayley
OpenAlex author search not reachable (HTTPError): snapshot candidates only
 rank   author_id    display_name               orcid  works_count  cited_by_count   match  affiliation_match   source                                           institutions
    1 A5065179718    Hagan Bayley 0000-0003-2499-6116          445           37226 display               True snapshot University of Oxford (GB); IQVIA (United Kingdom) (GB)
    2 A5111512097    H. S. Bayley                None           89            3088 display              False snapshot                                                       
    3 A5036660785    H. G. BAYLEY                None            1              12 display              False snapshot                              University of Sydney (AU)
    4 A5032071525     H.H. Bayley                None            2               8 display              False snapshot                     University of the West Indies (BB)
    5 A5009012106     H.S. Bayley                None            1               5 display              False snapshot                                                       
    6 A5113885108    Hagan Bayley                None            1               4 display              False snapshot                                                       
    7 A5024291929        H Bayley                None            1               0 display              False snapshot                                   York University (CA)
    8 A5005306241       H. Bayley                None            1               0 display              False snapshot                                                       
    9 A5075608174 Hagan P. Bayley                None            2               0 display              False snapshot                                                       
   10 A5097670762       H. Bayley                None            1               0 display              False snapshot                      Parliament of United Kingdom (GB)
   11 A5064385334    Holly Bayley                None            7              60   alias              False snapshot                                                       
   12 A5050242197     Hugh Bayley                None            3               4   alias              False snapshot                                                       
query 'Hagan Bayley': picked A5065179718 Hagan Bayley [only candidate at the given affiliation]

=== Daniel Branton
OpenAlex author search not reachable (HTTPError): snapshot candidates only
 rank   author_id                     display_name orcid  works_count  cited_by_count   match  affiliation_match   source institutions
    1 A5030369201                   Daniel Branton  None          219           32579 display              False snapshot             
    2 A5078754745                       D. Branton  None            1              39 display              False snapshot             
    3 A5016293454                       D. Branton  None            1               6 display              False snapshot             
    4 A5090515852                     D.R. Branton  None            1               0 display              False snapshot             
    5 A5086491121 D. J. Christiansen T. W. Branton  None            1               0 display              False snapshot             
    6 A5121768557                       D. Branton  None            2               0 display              False snapshot             
    7 A5028839993                       D. Branton  None            1               0 display              False snapshot             
query 'Daniel Branton': picked A5030369201 Daniel Branton [most cited (32,579 vs 39 citations)]

=== Michele Parrinello
OpenAlex author search not reachable (HTTPError): snapshot candidates only
 rank   author_id       display_name               orcid  works_count  cited_by_count   match  affiliation_match   source                                                 institutions
    1 A5109157985 Michele Parrinello                None           10            1056 display               True snapshot     ETH Zurich (CH); Università della Svizzera italiana (CH)
    2 A5023487560 Michele Parrinello 0000-0001-6550-3272          914          145608 display              False snapshot Italian Institute of Technology (IT); University of Florida 
    3 A5047391159    M.T. Parrinello                None            1              15 display              False snapshot                                   University of Catania (IT)
    4 A5053639785      M. Parrinello                None            2               2 display              False snapshot                                                             
    5 A5061576802      M. Parrinello                None            1               1 display              False snapshot                                                             
    6 A5109819179 Michele Parrinello                None            1               0 display              False snapshot                                                             
    7 A5119568433 Michele Parrinello                None            2               0 display              False snapshot                         Italian Institute of Technology (IT)
    8 A5122012886 Michele Parrinello                None            1               0 display              False snapshot                                                             
    9 A5122270707 Michele Parrinello                None            3               0 display              False snapshot                                                             
   10 A5068972648      M. Parrinello                None            1               0 display              False snapshot                                                             
   11 A5045854284      M. Parrinello                None            4               0 display              False snapshot                                                             
   12 A5081163589      M. Parrinello                None            1               0 display              False snapshot                                                             
   13 A5043328180       M Parrinello                None            1               0 display              False snapshot                                                             
   14 A5055123111      M. Parrinello                None            1               0 display              False snapshot           Max Planck Institute for Solid State Research (DE)
   15 A5024710023   Maguy Parrinello                None           13             254   alias              False snapshot                                                             
query 'Michele Parrinello': picked A5109157985 Michele Parrinello [only candidate at the given affiliation]

=== Roberto Car
OpenAlex author search not reachable (HTTPError): snapshot candidates only
 rank   author_id display_name               orcid  works_count  cited_by_count   match  affiliation_match   source              institutions
    1 A5007841515  Roberto Car 0000-0001-5243-2647          583           89175 display               True snapshot Princeton University (US)
    2 A5108128658  Roberto Car                None           11             484 display               True snapshot Princeton University (US)
    3 A5046349427       R. Car                None            2              29 display              False snapshot                          
    4 A5051566308       R. Car                None            2               5 display              False snapshot                          
    5 A5030860426        R CAR                None            1               3 display              False snapshot                          
    6 A5062859127       R. Car                None            2               2 display              False snapshot                          
    7 A5021118508       R. Car                None            1               0 display              False snapshot                          
query 'Roberto Car': picked A5007841515 Roberto Car [most cited (89,175 vs 484 citations)]; same-name fragments A5108128658

=== Ching W. Tang
OpenAlex author search not reachable (HTTPError): snapshot candidates only
 rank   author_id          display_name               orcid  works_count  cited_by_count   match  affiliation_match   source                                                 institutions
    1 A5075010179         Ching W. Tang 0000-0003-3491-6167            6             245 display               True snapshot Integrated Optoelectronics (Norway) (NO); University of Roch
    2 A5112936284            Ching Tang                None            4              45 display               True snapshot       Queen Mary Hospital (CN); University of Hong Kong (HK)
    3 A5009277635         Cheuk Y. Tang 0000-0002-9828-0092          260           14597   alias               True snapshot Chinese University of Hong Kong (CN); Ontario Centre of Exce
    4 A5065431725         Chak Yin Tang 0000-0003-2577-024X          400            7536   alias               True snapshot Materials Science & Engineering (AU); Lanzhou Jiaotong Unive
    5 A5017550412       Chao‐Hsiun Tang 0000-0003-0545-1567          219            3012   alias               True snapshot Xi'an University of Science and Technology (CN); Taiwan Comp
    6 A5010928387          Chaoshu Tang 0000-0002-4084-1176          109            1742   alias               True snapshot Case Western Reserve University (US); Hong Kong Jockey Club 
    7 A5009006650          Clarice Tang 0000-0003-1427-1816           73             608   alias               True snapshot Camden and Campbelltown Hospitals (AU); Victoria University 
    8 A5110166414            C. H. Tang                None           10             423   alias               True snapshot                        Hong Kong Polytechnic University (HK)
    9 A5109996511          Chunyin Tang                None            4             400   alias               True snapshot                        Hong Kong Polytechnic University (HK)
   10 A5101882168             Chao Tang 0000-0003-2701-9425           65             258   alias               True snapshot Obstetrics and Gynecology Hospital of Fudan University (CN);
   11 A5112831994 Chiu Tsun Philip Tang 0000-0003-0877-3297            5               9   alias               True snapshot Chinese University of Hong Kong (CN); Collaborative Innovati
   12 A5113274261            Candy Tang                None            3               1   alias               True snapshot                         Chinese University of Hong Kong (CN)
   13 A5085816509            C. W. Tang                None           25            8399 display              False snapshot                                 University of Rochester (US)
   14 A5103415041         Ching W. Tang                None           95            2351 display              False snapshot                                 University of Rochester (US)
   15 A5011355307        Ching‐Wen Tang 0000-0001-7887-1189          151            2058 display              False snapshot                         National Chung Cheng University (TW)
query 'Ching W. Tang': picked A5075010179 Ching W. Tang [most cited (245 vs 45 citations)]; same-name fragments A5103415041

=== Steven A. Van Slyke
OpenAlex author search not reachable (HTTPError): snapshot candidates only
 rank   author_id        display_name orcid  works_count  cited_by_count   match  affiliation_match   source        institutions
    1 A5036976819 Steven A. Van Slyke  None           15            1638 display              False snapshot Health Affairs (US)
    2 A5067091266        S. Van Slyke  None            9             381 display              False snapshot                    
query 'Steven A. Van Slyke': picked A5036976819 Steven A. Van Slyke [most cited (1,638 vs 381 citations)]

=== Mark E. Thompson
OpenAlex author search not reachable (HTTPError): snapshot candidates only
 rank   author_id     display_name               orcid  works_count  cited_by_count   match  affiliation_match   source                                                 institutions
    1 A5035687175 Mark E. Thompson 0000-0002-7764-4096          770           78741 display               True snapshot University of Southern California (US); Southern California 
    2 A5039268312    M.E. Thompson                None            1               1 display               True snapshot                       University of Southern California (US)
    3 A5122214731 Mark E. Thompson                None            1               0 display               True snapshot University of Southern California (US); Southern California 
    4 A5016740108   M. A. Thompson 0000-0001-5392-909X          322           13292   alias               True snapshot Dartmouth College (US); Southern California University for P
    5 A5012419521 Matthew Thompson 0000-0002-4331-3758          152            6682   alias               True snapshot Google (United States) (US); University of Washington (US); 
    6 A5012684868 Melissa Thompson 0000-0002-0355-5939           73            1016   alias               True snapshot University of Southern Mississippi (US); Hospital El Cruce (
    7 A5039828193    Mark Thompson 0000-0002-7633-1442          127           22545 display              False snapshot                    Hanson & Associates (United Kingdom) (GB)
    8 A5059676803      M. Thompson 0000-0002-5146-4951          157            5755 display              False snapshot Canadian Nuclear Laboratories (CA); Canadian Nuclear Laborat
    9 A5109125194    Mark Thompson                None           87            3728 display              False snapshot                          London Metropolitan University (GB)
   10 A5102019179 Mark E. Thompson 0000-0002-1789-312X           91            2529 display              False snapshot                                                             
   11 A5053824682    Mark Thompson 0000-0001-7955-5620           95            1989 display              False snapshot                                                             
   12 A5101744477    Mark Thompson 0009-0007-0121-2055          164            1214 display              False snapshot                                    University of Exeter (GB)
   13 A5022748473      M. Thompson                None           19            1069 display              False snapshot                                                             
   14 A5111911945      M. Thompson                None           42            1057 display              False snapshot                                                             
   15 A5050654167    Mark Thompson 0000-0001-8986-3088           72             515 display              False snapshot                                                             
query 'Mark E. Thompson': picked A5035687175 Mark E. Thompson [most cited (78,741 vs 1 citations)]

=== Paul W. K. Rothemund
OpenAlex author search not reachable (HTTPError): snapshot candidates only
 rank   author_id                display_name               orcid  works_count  cited_by_count   match  affiliation_match   source                                                 institutions
    1 A5016860712        Paul W. K. Rothemund 0000-0002-1653-3202           88           16156 display              False snapshot                                                             
    2 A5104044132 Paul Wilhelm Karl Rothemund                None            5             282 display              False snapshot American Institute of Mathematics (US); California Institute
    3 A5070688644                P. Rothemund                None            1               3 display              False snapshot                                                             
    4 A5079964344                P. Rothemund                None            1               0 display              False snapshot                                                             
    5 A5016447319           Philipp Rothemund 0000-0002-0588-6993           42            4381   alias              False snapshot                                 University of Stuttgart (DE)
query 'Paul W. K. Rothemund': picked A5016860712 Paul W. K. Rothemund [most cited (16,156 vs 282 citations)]

=== William M. Shih
OpenAlex author search not reachable (HTTPError): snapshot candidates only
 rank   author_id      display_name               orcid  works_count  cited_by_count   match  affiliation_match   source                                                 institutions
    1 A5015398607   William M. Shih 0000-0002-1395-9267          135           20267 display               True snapshot Inspire (CH); Dana-Farber Cancer Institute (US); Harvard Uni
    2 A5108128867     Weichung Shih                None           44            3974   alias               True snapshot Rutgers, The State University of New Jersey (US); Rutgers Ca
    3 A5049973849       Warren Shih                None           12             776   alias               True snapshot                         Princess Margaret Cancer Centre (CA)
    4 A5108511130           W. Shih                None            4              44 display              False snapshot                   University of California, Los Angeles (US)
    5 A5000216068           W. Shih                None            1               1 display              False snapshot          PRX Research (?); Lam Research (United States) (US)
    6 A5042524005            W SHIH                None            1               0 display              False snapshot                                                             
    7 A5041791784      William Shih                None            4               0 display              False snapshot                                                             
    8 A5010951309            W Shih                None            1               0 display              False snapshot                                                             
    9 A5012792790 Weichung Joe Shih 0000-0003-1167-6121          224            7453   alias              False snapshot Environmental and Occupational Health Sciences Institute (US
   10 A5032695864    Wei‐Chuan Shih 0000-0002-7530-7352          204            4129   alias              False snapshot                                   University of Houston (US)
   11 A5008795662        Wendy Shih 0000-0003-2930-4043          136            3583   alias              False snapshot UCLA Health (US); University of California, Los Angeles (US)
   12 A5047897840     Wei‐Kuan Shih 0000-0001-8356-2495          249            2756   alias              False snapshot                           National Tsing Hua University (TW)
   13 A5002938847    Wei‐Liang Shih 0000-0002-4160-7541           46            1740   alias              False snapshot Ministry of Health and Welfare (TW); National Taiwan Univers
   14 A5032845879     Wen‐Ling Shih                None           74            1502   alias              False snapshot                                      Tzu Chi University (TW)
   15 A5103007494    Wen-Chieh Shih 0000-0002-2605-0677           47            1486   alias              False snapshot                           National Tsing Hua University (TW)
query 'William M. Shih': picked A5015398607 William M. Shih [only candidate at the given affiliation]

=== Hao Yan
OpenAlex author search not reachable (HTTPError): snapshot candidates only
 rank   author_id display_name               orcid  works_count  cited_by_count   match  affiliation_match   source                                                 institutions
    1 A5064979753      Hao Yan 0000-0001-7397-9852          382           38860 display               True snapshot Arizona State University (US); Shenyang Agricultural Univers
    2 A5100652901      Hao Yan 0000-0002-4322-7323          330            3492 display               True snapshot Institute of Microbiology (CN); South China Normal Universit
    3 A5113696260      Hao Yan                None            7             503 display               True snapshot                                Arizona State University (US)
    4 A5014130106       H. Yan                None            2              59 display               True snapshot Instituto de Bioquímica Vegetal y Fotosíntesis (ES); Consejo
    5 A5102320761      Hao Yan                None            1               1 display               True snapshot                                Arizona State University (US)
    6 A5121402269      Hao Yan                None            1               0 display               True snapshot                                Arizona State University (US)
    7 A5121012361      Hao Yan                None            1               0 display               True snapshot                                Arizona State University (US)
    8 A5121229674      Hao Yan                None            1               0 display               True snapshot                                Arizona State University (US)
    9 A5085730035 Huihuang Yan 0000-0003-0756-2922           95            2215   alias               True snapshot Mayo Clinic (US); Mayo Clinic in Florida (US); Quantitative 
   10 A5100753897      Hao Yan 0000-0003-1545-1659          183            7655 display              False snapshot Integrated Optoelectronics (Norway) (NO); Peking University 
   11 A5103574886 Hao-Jing Yan                None            3            4029 display              False snapshot  The Ohio State University (US); University of Missouri (US)
   12 A5066922905      Hao Yan 0000-0003-0376-9037          167            3772 display              False snapshot Northeast Agricultural University (CN); Second Xiangya Hospi
   13 A5069344541      Hao Yan 0000-0003-1531-3053          188            3608 display              False snapshot China University of Petroleum, East China (CN); University o
   14 A5037379592      Hao Yan 0000-0002-3029-3276           99            3037 display              False snapshot          Southwest University of Science and Technology (CN)
   15 A5005514913      Hao Yan 0000-0003-0578-7212          105            2375 display              False snapshot Zhejiang University (CN); Life Science Institute (JP); Capit
query 'Hao Yan': picked A5064979753 Hao Yan [most cited (38,860 vs 3,492 citations)]; same-name fragments A5113696260
EXIT=2
