16:08:38 start (dryrun_fast.py: profile_person.resolve on the authors subset)

=== Svetlana Mojsov
OpenAlex author search not reachable (HTTPError): snapshot candidates only
 rank   author_id    display_name               orcid  works_count  cited_by_count   match  affiliation_match   source                institutions
    1 A5013143800 Svetlana Mojsov 0000-0002-3111-9923           52            5933 display               True snapshot Rockefeller University (US)
    2 A5040218333       S. Mojsov                None            2              33 display              False snapshot                            
query 'Svetlana Mojsov': picked A5013143800 Svetlana Mojsov [only candidate at the given affiliation]

=== Jens Juul Holst
OpenAlex author search not reachable (HTTPError): snapshot candidates only
 rank   author_id           display_name               orcid  works_count  cited_by_count   match  affiliation_match   source                                                 institutions
    1 A5085434984          Jens J. Holst 0000-0001-6853-3805         2690          157815 display               True snapshot Novo Nordisk (Denmark) (DK); Novo Nordisk Foundation (DK); I
    2 A5010025064             Jens Holst 0000-0002-0896-1549           56             418 display               True snapshot ETH Zurich (CH); Fulda University of Applied Sciences (DE); 
    3 A5107964227           Jens J Holst                None            9              16 display               True snapshot  University of Copenhagen (DK); Novo Nordisk Foundation (DK)
    4 A5079439715            J. J. Holst                None            4              12 display               True snapshot  University of Copenhagen (DK); Novo Nordisk Foundation (DK)
    5 A5057342720             J.J. Holst                None            1               0 display               True snapshot                                University of Copenhagen (DK)
    6 A5053751698                J Holst                None            2               0 display               True snapshot                Copenhagen Institute for Futures Studies (DK)
    7 A5067252274 J. J. M. van der Holst                None            9             552 display              False snapshot               Max Planck Institute for Polymer Research (DE)
    8 A5113648312               J. Holst                None           32             476 display              False snapshot                           Technische Universität Berlin (DE)
    9 A5030294941               J. HOLST                None            2             111 display              False snapshot                                       Statistics Sweden (SE)
   10 A5105359769                J HOLST                None            1             103 display              False snapshot                    Norwegian Institute of Public Health (NO)
   11 A5033209173               J. Holst                None            1              73 display              False snapshot                           Cisco Systems (United States) (US)
   12 A5012972706            J. J. Holst                None            2              56 display              False snapshot                                                             
   13 A5011872180               J. Holst                None            2              54 display              False snapshot                                                             
   14 A5060650242            J. J. Holst                None            1              30 display              False snapshot                                                             
   15 A5054197512    J J M Van Der Holst                None            2              25 display              False snapshot                                   Institute of Polymers (BG)
query 'Jens Juul Holst': picked A5085434984 Jens J. Holst [most cited (157,815 vs 418 citations)]; same-name fragments A5107964227

=== Lotte Bjerre Knudsen
OpenAlex author search not reachable (HTTPError): snapshot candidates only
 rank   author_id           display_name               orcid  works_count  cited_by_count   match  affiliation_match   source                                                 institutions
    1 A5088627727   Lotte Bjerre Knudsen 0000-0002-2439-7116          141           14743 display               True snapshot                                  Novo Nordisk (Denmark) (DK)
    2 A5036232437              L Knudsen 0000-0003-1980-6218           29             470 display               True snapshot University of Southern Denmark (DK); Sygehus Sønderjylland (
    3 A5122850794   Lotte Bjerre Knudsen                None            1               0 display               True snapshot                           Novo Nordisk (United Kingdom) (GB)
    4 A5025303610        Lars R. Knudsen 0000-0003-3057-9327          194           10282   alias               True snapshot                         Technical University of Denmark (DK)
    5 A5026422817         Lisbet Knudsen                None           19             314   alias               True snapshot                                  Novo Nordisk (Denmark) (DK)
    6 A5112161052 Louise Stjerne Knudsen                None           37              46   alias               True snapshot                          University of Southern Denmark (DK)
    7 A5073852003             L. Knudsen                None           15             250 display              False snapshot                                     Klinikum Ingolstadt (DE)
    8 A5111442816            L B Knudsen                None            7              45 display              False snapshot                                                             
    9 A5057103340             L. Knudsen                None            5              38 display              False snapshot                                                             
   10 A5048556721             L. Knudsen                None            1              11 display              False snapshot American Electric Power (United States) (?); Public Service 
   11 A5008336811              L Knudsen                None            3               4 display              False snapshot                                                             
   12 A5064701882              L Knudsen                None            2               3 display              False snapshot                        Medizinische Hochschule Hannover (DE)
   13 A5025958679             L. Knudsen                None            1               2 display              False snapshot                                                             
   14 A5033396868              L Knudsen                None            1               0 display              False snapshot                                                             
   15 A5034124138              L Knudsen                None            1               0 display              False snapshot                                                             
query 'Lotte Bjerre Knudsen': picked A5088627727 Lotte Bjerre Knudsen [most cited (14,743 vs 470 citations)]

=== Karl Deisseroth
OpenAlex author search not reachable (HTTPError): snapshot candidates only
 rank   author_id       display_name               orcid  works_count  cited_by_count   match  affiliation_match   source                                                 institutions
    1 A5014360828    Karl Deisseroth 0000-0001-9440-3967          631          129103 display               True snapshot Neurological Surgery (US); Universitätsklinikum Erlangen (DE
    2 A5112205636    Karl Deisseroth                None           13            2081 display               True snapshot Stanford University (US); Howard Hughes Medical Institute (U
    3 A5016794780       K Deisseroth                None            3             176 display               True snapshot Stanford University (US); Howard Hughes Medical Institute (U
    4 A5025551541    Karl Deisseroth                None            8              26 display              False snapshot Palo Alto University (US); Howard Hughes Medical Institute (
    5 A5050190255    Karl Deisseroth                None            1               0 display              False snapshot                                                             
    6 A5000609051    Karl Deisseroth                None            1               0 display              False snapshot                                                             
    7 A5059705856 Karl A. Deisseroth                None            2               0 display              False snapshot                                                             
query 'Karl Deisseroth': picked A5014360828 Karl Deisseroth [most cited (129,103 vs 2,081 citations)]; same-name fragments A5112205636, A5025551541

=== Peter Hegemann
OpenAlex author search not reachable (HTTPError): snapshot candidates only
 rank   author_id   display_name               orcid  works_count  cited_by_count   match  affiliation_match   source                        institutions
    1 A5032787107 Peter Hegemann 0000-0003-3589-6452          393           29388 display               True snapshot Humboldt-Universität zu Berlin (DE)
    2 A5083313982    P. Hegemann 0000-0002-7603-6267            3              53 display              False snapshot             University of Bonn (DE)
query 'Peter Hegemann': picked A5032787107 Peter Hegemann [only candidate at the given affiliation]

=== Gero Miesenböck
OpenAlex author search not reachable (HTTPError): snapshot candidates only
 rank   author_id    display_name orcid  works_count  cited_by_count   match  affiliation_match   source                                                 institutions
    1 A5109272997 Gero Miesenböck  None           69           12095 display               True snapshot Wellcome Centre for Integrative Neuroimaging (GB); Mansfield
    2 A5033359833    G Miesenböck  None            1               1 display              False snapshot                                                             
    3 A5037836963 Gero Miesenbock  None            1               0 display              False snapshot                                                             
    4 A5024694515   G. Miesenböck  None            1               0 display              False snapshot                                                             
query 'Gero Miesenböck': picked A5109272997 Gero Miesenböck [only candidate at the given affiliation]

=== Carl H. June
OpenAlex author search not reachable (HTTPError): snapshot candidates only
 rank   author_id            display_name               orcid  works_count  cited_by_count   match  affiliation_match   source                                                 institutions
    1 A5008558372            Carl H. June 0000-0003-0241-3557         1416          141308 display               True snapshot Uplift (US); Cancer Research Institute (US); University of P
    2 A5113470066                C H June                None           41            4493 display               True snapshot University of Pennsylvania (US); Parker Institute for Cancer
    3 A5056377818                C H June                None            1             109 display              False snapshot                         Howard Hughes Medical Institute (US)
    4 A5082808467              C. H. June                None            1              10 display              False snapshot                                                             
    5 A5082056124              C. H. June                None            1               2 display              False snapshot                                                             
    6 A5088801316              C. H. June                None            1               1 display              False snapshot                                                             
    7 A5008863012                 C. June                None            1               0 display              False snapshot                                                             
    8 A5072825699                 C. June                None            1               0 display              False snapshot                                                             
    9 A5083356760                  C June                None            1               0 display              False snapshot                                                             
   10 A5013309446                C H June                None            1               0 display              False snapshot                                                             
   11 A5095596454                  C June                None            1               0 display              False snapshot Boston University (US); Foundation for Ichthyosis and Relate
   12 A5004885642 Cindy Getah Trisna June                None            3              10   alias              False snapshot                                                             
query 'Carl H. June': picked A5008558372 Carl H. June [most cited (141,308 vs 4,493 citations)]

=== Michel Sadelain
OpenAlex author search not reachable (HTTPError): snapshot candidates only
 rank   author_id    display_name               orcid  works_count  cited_by_count   match  affiliation_match   source                                                 institutions
    1 A5103081365 Michel Sadelain                None           14             453 display               True snapshot                  Memorial Sloan Kettering Cancer Center (US)
    2 A5058976864      M Sadelain                None            3             421 display               True snapshot                  Memorial Sloan Kettering Cancer Center (US)
    3 A5059625599 Michel Sadelain 0000-0002-9031-8025          641           60772 display              False snapshot Columbia University Irving Medical Center (US); Columbia Uni
    4 A5045664419  M. W. Sadelain                None            1              72 display              False snapshot                                                             
    5 A5021009995      M Sadelain                None            1               5 display              False snapshot                                                             
    6 A5102546593 Michel Sadelain                None            1               0 display              False snapshot                                                             
    7 A5072076409     M. Sadelain                None            1               0 display              False snapshot                                                             
    8 A5033385435     MW Sadelain                None            3              12   alias              False snapshot                                   University of Alberta (CA)
NOT RESOLVED: ambiguous: the two most cited candidates have 453 and 421 citations. Choose with --pick N (the rank above), --affiliation, --orcid or --author-id.

=== Steven A. Rosenberg
OpenAlex author search not reachable (HTTPError): snapshot candidates only
 rank   author_id          display_name               orcid  works_count  cited_by_count   match  affiliation_match   source                                                 institutions
    1 A5072133376   Steven A. Rosenberg 0000-0002-8939-8910         1555          195374 display               True snapshot Center for Cancer Research (US); National Institutes of Heal
    2 A5103160719   Steven A. Rosenberg 0000-0002-4344-3608          128            3990 display               True snapshot National Institutes of Health (US); National Cancer Institut
    3 A5005189631         S A Rosenberg                None            4             230 display               True snapshot National Cancer Institute (US); National Institutes of Healt
    4 A5000819729           S ROSENBERG                None            2              70 display               True snapshot                               National Cancer Institute (US)
    5 A5020076711   STEVEN A. ROSENBERG                None            1              55 display               True snapshot National Institutes of Health (US); National Cancer Institut
    6 A5071914848       S. A. ROSENBERG                None            1               2 display               True snapshot National Cancer Institute (US); National Institutes of Healt
    7 A5050853585        S.A. Rosenberg                None            1               0 display               True snapshot                                   Moffitt Cancer Center (US)
    8 A5031256283        S.A. Rosenberg                None            1               0 display               True snapshot                                   Moffitt Cancer Center (US)
    9 A5026001356    Susan M. Rosenberg 0000-0003-1444-473X          209           10689   alias               True snapshot Baylor Genetics (US); Baylor College of Medicine (US); Child
   10 A5024392666 Shoshana M. Rosenberg 0000-0002-0074-6385          342            4181   alias               True snapshot Cornell University (US); Dana-Farber Cancer Institute (US); 
   11 A5108611197  Stephen A. Rosenberg                None          171            2558   alias               True snapshot Moffitt Cancer Center (US); University of South Florida (US)
   12 A5004953971       Steve Rosenberg                None           10             314   alias               True snapshot                               National Cancer Institute (US)
   13 A5062579882    Simon W. Rosenberg                None            8             151   alias               True snapshot IS practice (BE); Memorial Sloan Kettering Cancer Center (US
   14 A5111570357         S A Rosenberg                None          169           20159 display              False snapshot     National Institutes of Health (US); Herzog Hospital (IL)
   15 A5040381447      Steven Rosenberg                None           77            4932 display              False snapshot                               Miltenyi Biotec (Germany) (DE)
query 'Steven A. Rosenberg': picked A5072133376 Steven A. Rosenberg [most cited (195,374 vs 3,990 citations)]

=== Kazutoshi Mori
OpenAlex author search not reachable (HTTPError): snapshot candidates only
 rank   author_id    display_name               orcid  works_count  cited_by_count   match  affiliation_match   source                                                 institutions
    1 A5024825620  Kazutoshi Mori 0000-0001-7378-4019          194           28033 display               True snapshot                                        Kyoto University (JP)
    2 A5102399723  Kazutoshi Mori                None           19              66 display               True snapshot                                        Kyoto University (JP)
    3 A5103964342  Kazutoshi Mori                None            4              64 display               True snapshot                                        Kyoto University (JP)
    4 A5112153844          K Mori                None            8               7 display               True snapshot                                     Kyoto City Hospital (JP)
    5 A5032527419    Kensaku Mori 0000-0002-0100-4797          772           16672   alias               True snapshot Nagoya University (JP); University of Oslo (NO); Oslo Univer
    6 A5038102022  Keiichiro Mori 0000-0002-6147-6569          539            6133   alias               True snapshot Medical University of Vienna (AT); Jikei University School o
    7 A5082043581    Koreaki Mori                None          238            3651   alias               True snapshot Osaka University (JP); Juntendo University (JP); Kyoto Prefe
    8 A5082820503     Kotaro Mori 0000-0003-4751-9435           66             666   alias               True snapshot         Aoyama Gakuin University (JP); Kyoto University (JP)
    9 A5108827952      Kohei Mori                None           61             526   alias               True snapshot Hokkaido Pharmaceutical University (JP); Kyoto University (J
   10 A5111516386    Kenjiro Mori                None            4              22   alias               True snapshot                               Kyoto University Hospital (JP)
   11 A5102815371   Keita P. Mori 0000-0001-5468-3634           10              20   alias               True snapshot                  Kitano Hospital (JP); Kyoto University (JP)
   12 A5112085026 Keiichirou MORI                None            3               4   alias               True snapshot                                        Kyoto University (JP)
   13 A5057326811         K. Mori 0000-0002-1872-5363          666           10660 display              False snapshot Kumamoto University (JP); Institute of Biomedical Science (G
   14 A5037070390         K. Mori 0000-0002-9813-4853          375            3201 display              False snapshot                                          Mie University (JP)
   15 A5111714148         K. Mori                None           62            2958 display              False snapshot                                                             
query 'Kazutoshi Mori': picked A5024825620 Kazutoshi Mori [most cited (28,033 vs 66 citations)]; same-name fragments A5102399723, A5103964342

=== Peter Walter
OpenAlex author search not reachable (HTTPError): snapshot candidates only
 rank   author_id    display_name               orcid  works_count  cited_by_count   match  affiliation_match   source                                                 institutions
    1 A5087493059    Peter Walter 0000-0002-6849-708X          584           65137 display              False snapshot F5 Networks (United States) (US); RWTH Aachen University (DE
    2 A5103257547    Peter Walter 0000-0001-8745-6593          752           27650 display              False snapshot Universität Hamburg (DE); RWTH Aachen University (DE); Unive
    3 A5028547017   P. von Walter                None           78            6642 display              False snapshot                                   Heidelberg University (US)
    4 A5068056560 Peter J. Walter 0000-0001-8571-398X           97            5816 display              False snapshot RWTH Aachen University (DE); National Institutes of Health (
    5 A5023960405    Peter Walter 0000-0001-8839-1154          116            1489 display              False snapshot Menlo School (US); Tao Systems (United States) (US); Univers
    6 A5073054673    Peter Walter 0000-0002-3129-5310           44             748 display              False snapshot                                  RWTH Aachen University (DE)
    7 A5056838986 P Wright Walter                None            2             713 display              False snapshot                                                             
    8 A5110869843        P Walter                None           60             656 display              False snapshot                                      Petrobras (Brazil) (BR)
    9 A5103195654       P. Walter 0009-0002-5852-8177           97             576 display              False snapshot Université Paris-Saclay (FR); Mines Saint-Étienne (FR); Nati
   10 A5027971295       P. Walter                None           15             558 display              False snapshot                             Antwerp University Hospital (BE)
   11 A5102856212    Peter Walter 0000-0001-9522-9163           10             447 display              False snapshot Universität Hamburg (DE); SLAC National Accelerator Laborato
   12 A5109288527        P Walter                None           32             396 display              False snapshot                                 University of Minnesota (US)
   13 A5039799453        P Walter                None           19             353 display              False snapshot                                                             
   14 A5109195605        P Walter                None           13             173 display              False snapshot                                                             
   15 A5111883627        P Walter                None           12             137 display              False snapshot                                  Maria Hilf Krankenhaus (DE)
NOT RESOLVED: ambiguous: the two most cited candidates have 65,137 and 27,650 citations. Choose with --pick N (the rank above), --affiliation, --orcid or --author-id.

=== Helen H. Hobbs
OpenAlex author search not reachable (HTTPError): snapshot candidates only
 rank   author_id      display_name               orcid  works_count  cited_by_count   match  affiliation_match   source                                                 institutions
    1 A5024723638    Helen H. Hobbs 0000-0002-8700-9897          236           57775 display               True snapshot Southwestern Medical Center (US); Howard Hughes Medical Inst
    2 A5027965957       H. H. Hobbs                None           13             692 display              False snapshot                                                             
    3 A5080986364          H. Hobbs                None           11             143 display              False snapshot     East Kent Hospitals University NHS Foundation Trust (GB)
    4 A5039168093          H. Hobbs                None            1              50 display              False snapshot                                                             
    5 A5089812128 Helen Huang-Hobbs                None            2              21 display              False snapshot                                                             
    6 A5066703562       Helen Hobbs                None            4              12 display              False snapshot                                                             
    7 A5081438713        H.H. Hobbs                None            3               1 display              False snapshot                                                             
    8 A5051417769          H. Hobbs                None            1               0 display              False snapshot                                                             
    9 A5097664970          H. Hobbs                None            1               0 display              False snapshot                                                             
   10 A5070703251           H Hobbs                None            1               0 display              False snapshot                        Lyon Genou Centre Albert Trillat (FR)
   11 A5104370329       Helen Hobbs                None            1               0 display              False snapshot                                                             
   12 A5106947990       Helen Hobbs                None            1               0 display              False snapshot                                                             
   13 A5084172646   Horton H. Hobbs                None          185            3470   alias              False snapshot                                   Wittenberg University (US)
   14 A5055509594       H. A. Hobbs 0000-0003-2105-2427           43             985   alias              False snapshot                 University of Illinois Urbana-Champaign (US)
   15 A5010823457       H. E. Hobbs                None           50             774   alias              False snapshot     East Kent Hospitals University NHS Foundation Trust (GB)
query 'Helen H. Hobbs': picked A5024723638 Helen H. Hobbs [only candidate at the given affiliation]

=== Nabil G. Seidah
OpenAlex author search not reachable (HTTPError): snapshot candidates only
 rank   author_id    display_name               orcid  works_count  cited_by_count   match  affiliation_match   source                                                 institutions
    1 A5090995081 Nabil G. Seidah 0000-0001-6503-9342          906           56144 display               True snapshot Montreal Clinical Research Institute (CA); Syngene Internati
    2 A5049967152      N G Seidah                None            1              25 display               True snapshot                    Montreal Clinical Research Institute (CA)
    3 A5040760544    N. G. Seidah                None            1               0 display              False snapshot                                                             
    4 A5083132334        N Seidah                None            1               0 display              False snapshot                                                             
query 'Nabil G. Seidah': picked A5090995081 Nabil G. Seidah [most cited (56,144 vs 25 citations)]

=== Jonathan C. Cohen
OpenAlex author search not reachable (HTTPError): snapshot candidates only
 rank   author_id      display_name               orcid  works_count  cited_by_count   match  affiliation_match   source                                                 institutions
    1 A5043796550 Jonathan C. Cohen 0000-0003-0984-2864          212           45897 display               True snapshot The University of Texas Southwestern Medical Center (US); So
    2 A5023475820    Jonathan Cohen 0000-0002-4673-7644          251           13613 display               True snapshot University of Pittsburgh (US); Melbourne Genomics Health All
    3 A5058802366       J. C. COHEN                None            2              17 display               True snapshot Southwestern Medical Center (US); The University of Texas So
    4 A5114247214       J. B. Cohen                None           11             284   alias               True snapshot University Dermatology (US); The University of Texas Southwe
    5 A5103518762    Jonathan Cohen                None           84           20434 display              False snapshot                                    Adventist HealthCare (US)
    6 A5043514844          J. Cohen 0000-0003-4214-4419          429           15225 display              False snapshot Hôpital Robert-Debré (FR); Cornell University (US); Weill Co
    7 A5082150979    Jonathan Cohen 0000-0002-5032-456X          251           12658 display              False snapshot Rigshospitalet (DK); None (?); Amerikan Hastanesi (TR); Cope
    8 A5009825542    Jonathan Cohen 0000-0003-1743-836X          128           11309 display              False snapshot Southern California University for Professional Studies (US)
    9 A5079416691    Jonathan Cohen 0000-0003-1004-5598          318           10116 display              False snapshot Evelina London Children's Healthcare (GB); Association Franç
   10 A5009504829    Jonathan Cohen 0000-0001-7278-798X          109            6272 display              False snapshot                                                             
   11 A5069462704    Jonathan Cohen 0000-0002-4379-8767          149            5643 display              False snapshot                                                             
   12 A5076295709    Jonathan Cohen 0000-0001-8120-3827          105            3948 display              False snapshot  Hadassah Medical Center (IL); Fred Hutch Cancer Center (US)
   13 A5103076127    Jonathan Cohen 0009-0004-3061-9020          129            3814 display              False snapshot                     University of California, San Diego (US)
   14 A5102002124    Jonathan Cohen 0000-0001-9686-0045          158            2972 display              False snapshot Southern California University for Professional Studies (US)
   15 A5022177759    Jonathan Cohen 0000-0002-9998-4681           99            2061 display              False snapshot Caulfield Hospital (AU); Victorian Clinical Genetics Service
query 'Jonathan C. Cohen': picked A5043796550 Jonathan C. Cohen [most cited (45,897 vs 13,613 citations)]

=== David Klenerman
OpenAlex author search not reachable (HTTPError): snapshot candidates only
 rank   author_id    display_name               orcid  works_count  cited_by_count   match  affiliation_match   source                                                 institutions
    1 A5042822683 David Klenerman 0000-0001-7116-6954          516           26981 display               True snapshot Stowers Institute for Medical Research (US); Cambridge Schoo
    2 A5121227404 David Klenerman                None            2               0 display              False snapshot                                 Imperial College London (GB)
    3 A5068855598    D. Klenerman                None            1               0 display              False snapshot                                                             
    4 A5033120373    D. Klenerman                None            1               0 display              False snapshot                                                             
query 'David Klenerman': picked A5042822683 David Klenerman [only candidate at the given affiliation]

=== Shankar Balasubramanian
OpenAlex author search not reachable (HTTPError): snapshot candidates only
 rank   author_id            display_name               orcid  works_count  cited_by_count   match  affiliation_match   source                                                 institutions
    1 A5040551102 Shankar Balasubramanian 0000-0002-0281-5815          519           55485 display               True snapshot University of Cambridge (GB); Cambridge School (PT); Bridge 
    2 A5121215137 Shankar Balasubramanian                None            1               0 display               True snapshot                                 University of Cambridge (GB)
    3 A5035106650 Skankar Balasubramanian                None            2               6   alias               True snapshot                                 University of Cambridge (GB)
    4 A5022956004      S. Balasubramanian 0000-0002-6277-2837          322            6934 display              False snapshot                     Agnitron Technology (United States) (US)
    5 A5043966719   S. C. Balasubramanian                None           17            2664 display              False snapshot                                                             
    6 A5113869683      S. Balasubramanian                None           83            1206 display              False snapshot Tamil Nadu Agricultural University (IN); Nassau University M
    7 A5101606796      S. Balasubramanian 0000-0002-3044-4097           52            1178 display              False snapshot KPR Institute of Engineering and Technology (IN); University
    8 A5050935020      S. Balasubramanian 0000-0002-0906-9819          109            1112 display              False snapshot                                    Annamalai University (IN)
    9 A5004865243      S. Balasubramanian 0000-0002-2641-4602           40             861 display              False snapshot University of Calgary (CA); Vel Tech Rangarajan Dr. Saguntha
   10 A5006197061      S. Balasubramanian 0000-0001-8947-4840          102             666 display              False snapshot Amrita Vishwa Vidyapeetham (IN); Government of Maharashtra (
   11 A5110081317      S. Balasubramanian                None           24             615 display              False snapshot                              Madurai Kamaraj University (IN)
   12 A5032320706      S. Balasubramanian                None           29             606 display              False snapshot                   Fermi National Accelerator Laboratory (US)
   13 A5109918742      S. Balasubramanian 0009-0000-2161-5643           37             572 display              False snapshot      Shrewsbury College (GB); Royal Shrewsbury Hospital (GB)
   14 A5049606178       S Balasubramanian 0000-0003-3334-7222           63             405 display              False snapshot                                                             
   15 A5072836218      S. Balasubramanian 0000-0002-6277-2837           13             405 display              False snapshot                   Fermi National Accelerator Laboratory (US)
query 'Shankar Balasubramanian': picked A5040551102 Shankar Balasubramanian [most cited (55,485 vs 0 citations)]

=== Emmanuel Mignot
OpenAlex author search not reachable (HTTPError): snapshot candidates only
 rank   author_id         display_name               orcid  works_count  cited_by_count   match  affiliation_match   source                                                 institutions
    1 A5107994045      Emmanuel Mignot 0000-0002-4894-898X          758           39316 display               True snapshot Institut polytechnique de Grenoble (FR); Commissariat à l'Én
    2 A5073040042      Emmanuel Mignot 0000-0002-6928-5310          409           19812 display               True snapshot Stanford Health Care (US); Institut National des Sciences Ap
    3 A5021339764      Emmanuel Mignot                None           14            2441 display               True snapshot          Stanford University (US); Palo Alto University (US)
    4 A5109141560            E. Mignot                None           24             756 display               True snapshot                                       Stanford Medicine (US)
    5 A5108091984 Emmanuel J.M. Mignot                None            7             388 display               True snapshot                                     Stanford University (US)
    6 A5109153776      Emmanuel Mignot                None            2             169 display               True snapshot                                     Stanford University (US)
    7 A5122745453      Emmanuel Mignot                None            1               0 display               True snapshot                                     Stanford University (US)
    8 A5027705069            E. Mignot                None            1               0 display               True snapshot                                       Stanford Medicine (US)
    9 A5036642361      Emmanuel Mignot 0000-0002-4894-2254          197            2635 display              False snapshot Laboratoire de Mécanique des Fluides et d'Acoustique (FR); U
   10 A5015046477           E C Mignot                None            7              35 display              False snapshot                                                             
   11 A5089126755      Emmanuel Mignot                None            2               0 display              False snapshot                                                             
   12 A5107863417      Emmanuel Mignot                None            1               0 display              False snapshot                                                             
   13 A5121081100      Emmanuel MIGNOT                None            1               0 display              False snapshot                                          Oldham Council (GB)
   14 A5121878447      Emmanuel Mignot                None            1               0 display              False snapshot                                                             
   15 A5113436829      Emmanuel Mignot                None            1               0 display              False snapshot                                                             
NOT RESOLVED: ambiguous: the two most cited candidates have 39,316 and 19,812 citations. Choose with --pick N (the rank above), --affiliation, --orcid or --author-id.

=== Masashi Yanagisawa
OpenAlex author search not reachable (HTTPError): snapshot candidates only
 rank   author_id       display_name               orcid  works_count  cited_by_count   match  affiliation_match   source                                                 institutions
    1 A5006145523 Masashi Yanagisawa 0000-0002-7358-4022          793           85034 display               True snapshot Shibuya (Japan) (JP); The University of Texas Southwestern M
    2 A5108409060 Masashi Yanagisawa                None           11            1132 display               True snapshot Tsukuba International University (JP); University of Tsukuba
    3 A5049781386      M. Yanagisawa                None           10             110 display               True snapshot Southwestern Medical Center (US); Tsukuba International Univ
    4 A5052087962       M YANAGISAWA                None            4              27 display               True snapshot Tsukuba International University (JP); The University of Tex
    5 A5007363525 Masashi YANAGISAWA                None            2              20 display               True snapshot                                   University of Tsukuba (JP)
    6 A5044302954  Manabu Yanagisawa                None            5              44   alias               True snapshot                                   University of Tsukuba (JP)
    7 A5111692204 Masashi Yanagisawa                None            2            6289 display              False snapshot The University of Texas Southwestern Medical Center (US); Ho
    8 A5111593010 Masashi Yanagisawa                None            7            1751 display              False snapshot Southwestern Medical Center (US); The University of Texas So
    9 A5111734031      M. Yanagisawa                None           89            1570 display              False snapshot                                                             
   10 A5109126702      M. Yanagisawa                None           37             805 display              False snapshot                            Kishokai Medical Corporation (JP)
   11 A5109317450       M Yanagisawa                None           45             313 display              False snapshot                                                             
   12 A5111619935       M Yanagisawa                None           27             281 display              False snapshot                                                             
   13 A5051152785      M. Yanagisawa                None           26             220 display              False snapshot                         University of California, Davis (US)
   14 A5108789406      M. Yanagisawa                None            8             213 display              False snapshot                                 The University of Tokyo (JP)
   15 A5109530900       M Yanagisawa                None           15              62 display              False snapshot                             Matsumoto Dental University (JP)
query 'Masashi Yanagisawa': picked A5006145523 Masashi Yanagisawa [most cited (85,034 vs 1,132 citations)]; same-name fragments A5108409060, A5007363525, A5111692204, A5111593010

=== Luis de Lecea
OpenAlex author search not reachable (HTTPError): snapshot candidates only
 rank   author_id   display_name               orcid  works_count  cited_by_count   match  affiliation_match   source             institutions
    1 A5055709520 Luı́s de Lecea 0000-0002-8921-5942         1157           32221 display               True snapshot Stanford University (US)
    2 A5032923805  Luis De Lecea                None            3               1 display               True snapshot Stanford University (US)
query 'Luis de Lecea': picked A5055709520 Luı́s de Lecea [most cited (32,221 vs 1 citations)]; same-name fragments A5032923805

=== Hans Clevers
OpenAlex author search not reachable (HTTPError): snapshot candidates only
 rank   author_id display_name               orcid  works_count  cited_by_count   match  affiliation_match   source                                                 institutions
    1 A5062248785 Hans Clevers 0000-0002-3077-5582         1321          245225 display               True snapshot Oncode Institute (NL); Roche (Switzerland) (CH); Hubrecht In
    2 A5107392033 Hans Clevers                None            3             692 display               True snapshot Princess Máxima Center (NL); Royal Netherlands Academy of Ar
    3 A5121161131 Hans Clevers                None            1               0 display               True snapshot Hubrecht Institute for Developmental Biology and Stem Cell R
    4 A5122867356 Hans Clevers                None            1               0 display               True snapshot          Royal Netherlands Academy of Arts and Sciences (NL)
    5 A5076743283   H. Clevers                None            1               0 display               True snapshot Hubrecht Institute for Developmental Biology and Stem Cell R
    6 A5109947781 Hans Clevers                None            2              95 display              False snapshot University Medical Center Utrecht (NL); Princess Máxima Cent
    7 A5104651039 Hans Clevers                None            2               1 display              False snapshot                                                             
    8 A5041419798 Hans Clevers                None            2               0 display              False snapshot                                                             
    9 A5035015136   H. Clevers                None            1               0 display              False snapshot                                                             
   10 A5047374594   H. Clevers                None            1               0 display              False snapshot                                                             
   11 A5012235580   H. Clevers                None            1               0 display              False snapshot                                                             
query 'Hans Clevers': picked A5062248785 Hans Clevers [most cited (245,225 vs 692 citations)]; same-name fragments A5107392033, A5109947781

=== Roel Nusse
OpenAlex author search not reachable (HTTPError): snapshot candidates only
 rank   author_id display_name               orcid  works_count  cited_by_count   match  affiliation_match   source                                                 institutions
    1 A5048466506   Roel Nusse 0000-0001-7082-3748          280           70896 display               True snapshot Howard Hughes Medical Institute (US); Institute for Stem Cel
    2 A5079148621     R. Nüsse                None            3              98 display              False snapshot                                                             
    3 A5010934926      R Nusse                None            1              14 display              False snapshot                        The Netherlands Cancer Institute (NL)
    4 A5077217279     R. Nusse                None            1              12 display              False snapshot                                                             
    5 A5116535595      R Nusse                None            1               0 display              False snapshot                                                             
    6 A5003565123      R Nusse                None            1               0 display              False snapshot                                                             
    7 A5089305357     R. Nusse                None            1               0 display              False snapshot The Netherlands Cancer Institute (NL); Oncode Institute (NL)
query 'Roel Nusse': picked A5048466506 Roel Nusse [only candidate at the given affiliation]

=== Jeffrey M. Friedman
OpenAlex author search not reachable (HTTPError): snapshot candidates only
 rank   author_id        display_name               orcid  works_count  cited_by_count   match  affiliation_match   source                                                 institutions
    1 A5065622211 Jeffrey M. Friedman 0000-0003-2152-0868          324           70664 display               True snapshot Toronto Metropolitan University (CA); Cambridge Environmenta
    2 A5107560893 Jeffrey M. Friedman                None            4             635 display               True snapshot Howard Hughes Medical Institute (US); Rockefeller University
    3 A5073368442       J.M. Friedman                None            2              33 display               True snapshot Howard Hughes Medical Institute (US); Rockefeller University
    4 A5122847437 Jeffrey M. Friedman                None            1               0 display               True snapshot Rockefeller University (US); Howard Hughes Medical Institute
    5 A5108251783         J. Friedman                None          371           45866 display              False snapshot                                                             
    6 A5009916624    Jeffrey Friedman 0000-0002-9236-3508           72            5075 display              False snapshot                                   University of Florida (US)
    7 A5055483500    Jeffrey Friedman 0000-0002-3013-3950          176            2603 display              False snapshot                                                             
    8 A5080367831         J. Friedman                None           78            1521 display              False snapshot                                                             
    9 A5016609668          J Friedman                None            4             397 display              False snapshot                                                             
   10 A5045607741          J Friedman                None            7             221 display              False snapshot  Northwell Health (US); North Shore University Hospital (US)
   11 A5064119351          J Friedman                None            2             157 display              False snapshot McGill University (CA); CHI Health Immanuel (US); McGill Uni
   12 A5000207510         J. Friedman 0000-0002-4086-0481           37             150 display              False snapshot     University of Central Florida (US); Florida College (US)
   13 A5108283708         J. Friedman                None           24             133 display              False snapshot                                                             
   14 A5111371271         J. Friedman                None            5             113 display              False snapshot                   Lawrence Berkeley National Laboratory (US)
   15 A5114017793         J. Friedman                None            3              64 display              False snapshot                                                             
query 'Jeffrey M. Friedman': picked A5065622211 Jeffrey M. Friedman [most cited (70,664 vs 635 citations)]; same-name fragments A5107560893

=== Stephen O'Rahilly
OpenAlex author search not reachable (HTTPError): snapshot candidates only
NOT RESOLVED: no OpenAlex author named like "Stephen O'Rahilly": try another spelling (e.g. initials), --orcid or --author-id

=== Marc Feldmann
OpenAlex author search not reachable (HTTPError): snapshot candidates only
 rank   author_id  display_name               orcid  works_count  cited_by_count   match  affiliation_match   source                                                 institutions
    1 A5057580992 Marc Feldmann 0000-0003-0800-7840          719           68899 display               True snapshot                                    University of Oxford (GB)
    2 A5104057254 Marc Feldmann                None            6               0 display               True snapshot University College London (GB); New York Proton Center (US);
    3 A5060358587    M Feldmann 0000-0002-2322-6534           84            4284 display              False snapshot Freie Universität Berlin (DE); Humboldt-Universität zu Berli
    4 A5111885416 Marc Feldmann                None           15            1931 display              False snapshot                                 Imperial College London (GB)
    5 A5109105733    M Feldmann                None           38            1606 display              False snapshot Cochrane (GB); University Hospital Cologne (DE); University 
    6 A5111608992 Marc Feldmann                None            8             994 display              False snapshot                                          Kennedy Center (DK)
    7 A5112301283    M Feldmann                None           59             808 display              False snapshot                     Virginia Tech (US); Carilion Clinic (US)
    8 A5111576215 Marc Feldmann                None            6             356 display              False snapshot                                 Imperial College London (GB)
    9 A5063331448   M. Feldmann                None           31             334 display              False snapshot                     Technische Universität Braunschweig (DE)
   10 A5049003090   M. Feldmann 0000-0002-0457-3776           59             277 display              False snapshot Universidade Federal de Santa Maria (BR); Sorbonne Universit
   11 A5110455103   M. Feldmann                None            5             233 display              False snapshot                                   University of Münster (DE)
   12 A5091847875   M. Feldmann                None           17             147 display              False snapshot                                               FH Aachen (DE)
   13 A5110148999 Marc Feldmann                None            1             117 display              False snapshot Cancer Research Center (US); Georgetown University Medical C
   14 A5091322725 Marc Feldmann                None            1              47 display              False snapshot                                                             
   15 A5062498210    M Feldmann                None            2              24 display              False snapshot                                                             
query 'Marc Feldmann': picked A5057580992 Marc Feldmann [most cited (68,899 vs 0 citations)]; same-name fragments A5104057254

=== Ravinder N. Maini
OpenAlex author search not reachable (HTTPError): snapshot candidates only
 rank   author_id          display_name orcid  works_count  cited_by_count   match  affiliation_match   source                                 institutions
    1 A5111772241     Ravinder N. Maini  None          341           40295 display              False snapshot                   Midwestern University (US)
    2 A5024393556             R N Maini  None          140            6386 display              False snapshot                  Charing Cross Hospital (GB)
    3 A5113625021 Sir Ravinder N. Maini  None            3             433 display              False snapshot                                             
    4 A5109211435     Ravinder N. Maini  None            2             128 display              False snapshot        British Society for Rheumatology (GB)
    5 A5031815095              R. Maini  None            5              94 display              False snapshot                      University of Utah (US)
    6 A5066881404               R MAINI  None            2              90 display              False snapshot                                             
    7 A5083655078            R.N. Maini  None            1              17 display              False snapshot                                             
    8 A5031431960              R. Maini  None            2              13 display              False snapshot                Motorola (United States) (US)
    9 A5033892928            R.N. Maini  None            1               6 display              False snapshot                  Charing Cross Hospital (GB)
   10 A5001366817            R.N. MAINI  None            1               5 display              False snapshot                                             
   11 A5074356709           R. N. Maini  None            1               2 display              False snapshot                                             
   12 A5084598479            R.N. Maini  None            1               2 display              False snapshot                                             
   13 A5002405158             R N Maini  None            1               1 display              False snapshot Lister Institute of Preventive Medicine (GB)
   14 A5047701543              R. Maini  None            1               0 display              False snapshot                                             
   15 A5017389242           R. N. Maini  None            1               0 display              False snapshot                                             
query 'Ravinder N. Maini': picked A5111772241 Ravinder N. Maini [most cited (40,295 vs 6,386 citations)]

=== Arthur L. Horwich
OpenAlex author search not reachable (HTTPError): snapshot candidates only
 rank   author_id      display_name               orcid  works_count  cited_by_count   match  affiliation_match   source                                                 institutions
    1 A5034561133 Arthur L. Horwich 0000-0001-9561-8839          205           24524 display               True snapshot                                         Yale University (US)
    2 A5078274204        A. Horwich                None           39             378 display               True snapshot                                         Yale University (US)
    3 A5003563674        A. Horwich                None          269           19387 display              False snapshot                            Institute of Cancer Research (GB)
    4 A5111710834      A.L. Horwich                None           24            1485 display              False snapshot                                                             
    5 A5087857206        A. Horwich                None            2              37 display              False snapshot Royal Marsden NHS Foundation Trust (GB); Institute of Cancer
    6 A5031427917        A. Horwich                None            1              10 display              False snapshot                                                             
    7 A5022473395        A. Horwich                None            2               6 display              False snapshot                                                             
    8 A5029190531        A. Horwich                None            1               4 display              False snapshot                                                             
    9 A5084515874        A. Horwich                None            1               2 display              False snapshot                                                             
   10 A5013813507         A Horwich                None            1               1 display              False snapshot                                                             
   11 A5002292664         A HORWICH                None            1               0 display              False snapshot                                                             
   12 A5062170770        A. Horwich                None            1               0 display              False snapshot                                                             
   13 A5083248099     A. L. Horwich                None            1               0 display              False snapshot                                                             
   14 A5030502906         A Horwich                None            1               0 display              False snapshot                                                             
   15 A5001162465        A. Horwich                None            1               0 display              False snapshot                                                             
query 'Arthur L. Horwich': picked A5034561133 Arthur L. Horwich [most cited (24,524 vs 378 citations)]

=== Franz-Ulrich Hartl
OpenAlex author search not reachable (HTTPError): snapshot candidates only
 rank   author_id       display_name               orcid  works_count  cited_by_count   match  affiliation_match   source                                                 institutions
    1 A5086048712    F. Ulrich Hartl 0000-0002-7941-135X          481           67890 display               True snapshot                    Max Planck Institute of Biochemistry (DE)
    2 A5111580352    F. Ulrich Hartl                None            5            3699 display               True snapshot Munich Cluster for Systems Neurology (DE); Max Planck Instit
    3 A5109893703     F.Ulrich Hartl                None            7            1533 display               True snapshot Max Planck Institute of Neurobiology (DE); Max Planck Instit
    4 A5103518730    F. Ulrich Hartl 0000-0002-7941-135X            4             764 display               True snapshot                    Max Planck Institute of Biochemistry (DE)
    5 A5081304102         F.U. Hartl                None            1               6 display               True snapshot                    Max Planck Institute of Biochemistry (DE)
    6 A5103363402     F‐Ulrich Hartl                None            1               4 display               True snapshot Max Planck Society (DE); Max Planck Institute of Biochemistr
    7 A5103369334 Franz Ulrich Hartl                None            2               3 display               True snapshot Max Planck Institute of Biochemistry (DE); Max Planck Societ
    8 A5076815286         F.U. Hartl                None            1               1 display               True snapshot                    Max Planck Institute of Biochemistry (DE)
    9 A5041015141     F Ulrich Hartl                None            1               0 display               True snapshot                    Max Planck Institute of Biochemistry (DE)
   10 A5005842616           F. Hartl                None           36            1025 display              False snapshot                                                             
   11 A5109202707    F. Ulrich Hartl                None            3             156 display              False snapshot                                                             
   12 A5033064212           F. Härtl                None           16             149 display              False snapshot                                                             
   13 A5059765127           F. Hartl                None            1              16 display              False snapshot                                                             
   14 A5080710312           F. Härtl                None            1               2 display              False snapshot                                                             
   15 A5113159561        Franz Härtl                None            7               1 display              False snapshot                          Technical University of Munich (DE)
query 'Franz-Ulrich Hartl': picked A5086048712 F. Ulrich Hartl [most cited (67,890 vs 3,699 citations)]; same-name fragments A5111580352, A5109893703, A5103518730

=== Mary-Claire King
OpenAlex author search not reachable (HTTPError): snapshot candidates only
 rank   author_id      display_name               orcid  works_count  cited_by_count   match  affiliation_match   source                                                 institutions
    1 A5049132398  Mary‐Claire King 0000-0001-9426-1743          475           52088 display               True snapshot University of Glasgow (GB); University of Washington (US); U
    2 A5040819800      Marissa King 0009-0000-6590-3567          147            5377   alias               True snapshot University of Pennsylvania (US); University of Washington (U
    3 A5004117702      Mary A. King 0000-0003-4250-9318           55            1525   alias               True snapshot Harborview Medical Center (US); University of Washington (US
    4 A5103052399   Matthew R. King 0000-0002-8533-3589           51             850   alias               True snapshot                      Washington University in St. Louis (US)
    5 A5109306241          M A King                None           12             143   alias               True snapshot                                University of Washington (US)
    6 A5061358540       Martha King                None            5              56   alias               True snapshot                      None (?); University of Washington (US)
    7 A5107870610           M. King                None          328           26638 display              False snapshot                                                             
    8 A5032752988           M. King 0000-0003-0062-5353           24           10719 display              False snapshot                                                             
    9 A5041693244           M. King 0000-0001-8156-4606          152            9014 display              False snapshot                     University of California, Riverside (US)
   10 A5047719101           M. King 0000-0002-6931-429X          145            8091 display              False snapshot                                      University of York (GB)
   11 A5060106197           M. King 0000-0002-6777-3660          116            7795 display              False snapshot Ludwig-Maximilians-Universität München (DE); Munich School o
   12 A5070338352           M. King                None           80            3929 display              False snapshot University of Adelaide (AU); Universitat de València (ES); I
   13 A5107843040           M. King                None           20            1566 display              False snapshot Institut de Microelectrònica de Barcelona (ES); Universitat 
   14 A5108231525           M. King 0000-0002-5639-6310           15            1201 display              False snapshot Fermi National Accelerator Laboratory (US); University of Ch
   15 A5110622996 M. Christine King                None            4            1017 display              False snapshot                                                             
query 'Mary-Claire King': picked A5049132398 Mary‐Claire King [only candidate at the given affiliation]

=== Mark H. Skolnick
OpenAlex author search not reachable (HTTPError): snapshot candidates only
 rank   author_id     display_name orcid  works_count  cited_by_count   match  affiliation_match   source                             institutions
    1 A5013067354      M. Skolnick  None            6             137 display               True snapshot                  University of Utah (US)
    2 A5110003746 Mark H. Skolnick  None          181           37602 display              False snapshot                                         
    3 A5108406066    M.H. Skolnick  None           32            2360 display              False snapshot                     Myriad Genetics (US)
    4 A5045720898      M. Skolnick  None           66             772 display              False snapshot                                         
    5 A5049572781      M. Skolnick  None           15             491 display              False snapshot Rockwell Automation (United States) (US)
    6 A5055378319    M.H. Skolnick  None           71             247 display              False snapshot                                         
    7 A5009738686    M.H. Skolnick  None            1              53 display              False snapshot                                         
    8 A5049161698      M. Skolnick  None            2              19 display              False snapshot                                         
    9 A5043098946      M. Skolnick  None            2              16 display              False snapshot                                         
   10 A5011693560      M. Skolnick  None            1              14 display              False snapshot                                         
   11 A5072796792      M. Skolnick  None            1               9 display              False snapshot                                         
   12 A5078053618    M.H. Skolnick  None            1               4 display              False snapshot                                         
   13 A5004757962       M Skolnick  None            1               0 display              False snapshot                                         
   14 A5084133901       M Skolnick  None            1               0 display              False snapshot                                         
   15 A5046767988      M. Skolnick  None            1               0 display              False snapshot                                         
query 'Mark H. Skolnick': picked A5013067354 M. Skolnick [only candidate at the given affiliation]

=== Michael R. Stratton
OpenAlex author search not reachable (HTTPError): snapshot candidates only
 rank   author_id        display_name               orcid  works_count  cited_by_count   match  affiliation_match   source                                                 institutions
    1 A5058103562 Michael R. Stratton 0000-0001-6035-153X          646          206091 display               True snapshot CooperSurgical (United States) (US); Wellcome Sanger Institu
    2 A5112741592    Michael Stratton                None           18            1258 display               True snapshot                               Wellcome Sanger Institute (GB)
    3 A5112351334         M. Stratton                None           20             274 display               True snapshot Wellcome Sanger Institute (GB); University of Bergen (NO); O
    4 A5016807391       Mike Stratton                None            5            2228   alias               True snapshot                               Wellcome Sanger Institute (GB)
    5 A5014216800       Mike Stratton                None            8             398   alias               True snapshot                               Wellcome Sanger Institute (GB)
    6 A5097613900 Michael R. Stratton                None            1             202 display              False snapshot                            Institute of Cancer Research (GB)
    7 A5005357810    Michael Stratton                None           21             134 display              False snapshot Southern California University for Professional Studies (US)
    8 A5107033242  Michael R-Stratton                None            1              58 display              False snapshot                            Institute of Cancer Research (GB)
    9 A5113612760         M. Stratton                None            3              56 display              False snapshot Rush University Medical Center (US); Presbyterian St. Luke's
   10 A5082437860         M. Stratton                None            3              19 display              False snapshot                                                             
   11 A5027420228    Michael Stratton                None            1               6 display              False snapshot                            Institute of Cancer Research (GB)
   12 A5102392615    Michael Stratton                None            4               6 display              False snapshot Dominion University College (GH); Old Dominion University (U
   13 A5015968210       M.R. Stratton                None            3               2 display              False snapshot                                                             
   14 A5005641233    Michael Stratton                None            2               0 display              False snapshot                                      University of York (GB)
   15 A5029164141          M Stratton                None            1               0 display              False snapshot                                                             
query 'Michael R. Stratton': picked A5058103562 Michael R. Stratton [most cited (206,091 vs 1,258 citations)]
EXIT=2
