16:12:54 start (dryrun_fast.py: profile_person.resolve on the authors subset)

=== Charles L. Kane
OpenAlex author search not reachable (HTTPError): snapshot candidates only
 rank   author_id    display_name               orcid  works_count  cited_by_count   match  affiliation_match   source                                                 institutions
    1 A5003262716      C. L. Kane 0000-0002-9551-2177          202           72847 display               True snapshot University of Pennsylvania (US); California University of Pe
    2 A5081090405         C. Kane                None           16            1061 display              False snapshot        DKTE Society's Textile and Engineering Institute (IN)
    3 A5110244332          C Kane                None            7             217 display              False snapshot                                     Columbia University (US)
    4 A5055746124         C. Kane                None           17             127 display              False snapshot                                     Syracuse University (US)
    5 A5014330057 Charles L. Kane                None            4              79 display              False snapshot                                                             
    6 A5058565394         C. Kane                None            1              32 display              False snapshot                      California Institute of Technology (US)
    7 A5077889388          C Kane                None            5              21 display              False snapshot                                                             
    8 A5114197463          C Kane                None            5               7 display              False snapshot                                                             
    9 A5111490231         C. Kane                None            3               3 display              False snapshot                                                             
   10 A5045946114         C. Kane                None            1               2 display              False snapshot                                                             
   11 A5044539212          C Kane                None            1               1 display              False snapshot                                                             
   12 A5023911108          C KANE                None            1               1 display              False snapshot                                                             
   13 A5004185565          C KANE                None            1               0 display              False snapshot                                                             
   14 A5070462510          C.Kane                None            1               0 display              False snapshot                                                             
   15 A5053960823          C Kane                None            1               0 display              False snapshot                                                             
query 'Charles L. Kane': picked A5003262716 C. L. Kane [only candidate at the given affiliation]

=== Eugene J. Mele
OpenAlex author search not reachable (HTTPError): snapshot candidates only
 rank   author_id display_name               orcid  works_count  cited_by_count   match  affiliation_match   source                                                 institutions
    1 A5068161598   E. J. Melé 0000-0001-7140-5353          366           37702 display               True snapshot University of Pennsylvania (US); University of Salento (IT);
    2 A5016478835   E. J. Mele                None            2               0 display               True snapshot                              University of Pennsylvania (US)
    3 A5080397766     E J Mele                None            1              16 display              False snapshot                                                             
    4 A5110834355      E. Mele                None            8               7 display              False snapshot Arcispedale Sant'Anna (IT); Ospedale Infermi di Rimini (IT);
    5 A5040826185      E. Mele                None            2               4 display              False snapshot                                                             
    6 A5010527329      E. Mele                None            2               2 display              False snapshot                                                             
    7 A5068074924      E. Mele                None            1               2 display              False snapshot                                                             
    8 A5055163532      E. Mele                None            1               2 display              False snapshot                                                             
    9 A5083438705       E Mele                None            2               2 display              False snapshot                                                             
   10 A5040960002      É. MÈLE                None            1               1 display              False snapshot                                                             
   11 A5011209833       E Mele                None            2               0 display              False snapshot                        Bambino Gesù Children's Hospital (IT)
   12 A5041949133      E. Mele                None            1               0 display              False snapshot                                                             
   13 A5029789434      E. Mele                None            1               0 display              False snapshot                                                             
   14 A5010642531      E. Mele                None            1               0 display              False snapshot                                                             
   15 A5087647292      E. Mele                None            1               0 display              False snapshot                                                     None (?)
query 'Eugene J. Mele': picked A5068161598 E. J. Melé [most cited (37,702 vs 0 citations)]; same-name fragments A5016478835

=== Laurens W. Molenkamp
OpenAlex author search not reachable (HTTPError): snapshot candidates only
 rank   author_id    display_name               orcid  works_count  cited_by_count   match  affiliation_match   source                                                 institutions
    1 A5085660056 L. W. Molenkamp 0000-0003-4833-5179          643           31780 display               True snapshot University of Würzburg (DE); Max Planck Institute for Chemic
    2 A5035180695     L Molenkamp                None            1               1 display              False snapshot                                                             
    3 A5023005277   L W Molenkamp                None            1               0 display              False snapshot                                                             
    4 A5039782403    L. Molenkamp                None            1               0 display              False snapshot                                  EVRAZ (United Kingdom) (GB)
    5 A5051056748   L W Molenkamp                None            2               0 display              False snapshot                                                             
    6 A5039448730     L Molenkamp                None            1               0 display              False snapshot                                                             
    7 A5078381858    L. Molenkamp                None            2               0 display              False snapshot                                                             
    8 A5083815303    L. Molenkamp                None            1               0 display              False snapshot                                                             
    9 A5087048082   L W Molenkamp                None            1               0 display              False snapshot                                                             
query 'Laurens W. Molenkamp': picked A5085660056 L. W. Molenkamp [only candidate at the given affiliation]

=== Hidetoshi Katori
OpenAlex author search not reachable (HTTPError): snapshot candidates only
 rank   author_id        display_name               orcid  works_count  cited_by_count   match  affiliation_match   source                                                 institutions
    1 A5081417357    Hidetoshi Katori 0000-0002-8500-3678          174            8047 display               True snapshot RIKEN Advanced Science Institute (JP); The University of Tok
    2 A5085185158           H. Katori                None           16              81 display              False snapshot                                                             
    3 A5008537966           H. Katori                None            1               1 display              False snapshot                                    Nippon Steel (Japan) (JP)
    4 A5050850937           H. Katori                None            1               0 display              False snapshot                                                             
    5 A5012168899 Hiroko Aruga Katori                None          283            5151   alias              False snapshot          Tokyo University of Agriculture and Technology (JP)
    6 A5108504106     Hideyuki Katori                None           80            1305   alias              False snapshot                                  Ebina General Hospital (JP)
    7 A5084463872      Hideaki Katori                None           40             812   alias              False snapshot                     Jikei University School of Medicine (JP)
    8 A5012129834       Hiroto Katori                None           12              14   alias              False snapshot                                       Teikyo University (JP)
query 'Hidetoshi Katori': picked A5081417357 Hidetoshi Katori [only candidate at the given affiliation]

=== Jun Ye
OpenAlex author search not reachable (HTTPError): snapshot candidates only
 rank   author_id display_name               orcid  works_count  cited_by_count   match  affiliation_match   source                                                 institutions
    1 A5100382923       Jun Ye 0000-0003-0076-2112          795           40502 display               True snapshot National Institute of Standards and Technology (US); Univers
    2 A5100382930       Jun Ye 0000-0003-2841-6529          570           14458 display               True snapshot Hebei University (CN); Hainan University (CN); Ningbo Univer
    3 A5029823127        J. Ye                None           28            1995 display               True snapshot University of Colorado System (US); Joint Institute for Labo
    4 A5108688194        J. Ye                None            7             671 display               True snapshot Joint Institute for Laboratory Astrophysics (US); University
    5 A5045984393        J. Ye                None            2             654 display               True snapshot National Institute of Standards and Technology (US); Univers
    6 A5043248298        J. Ye                None            2             362 display               True snapshot University of Colorado Boulder (US); Joint Institute for Lab
    7 A5037551144        J. Ye                None            2             210 display               True snapshot Joint Institute for Laboratory Astrophysics (US); University
    8 A5011773435       Jun Ye                None            1             114 display               True snapshot National Institute of Standards and Technology (US); Univers
    9 A5086706091        J. Ye                None            1              49 display               True snapshot National Institute of Standards and Technology (US); Univers
   10 A5004620870        J. Ye                None            1               0 display               True snapshot University of Colorado Boulder (US); National Institute of S
   11 A5024407909        J. Ye                None            1               0 display               True snapshot National Institute of Standards and Technology (US); Univers
   12 A5088613924        J. Ye                None            1               0 display               True snapshot University of Colorado Boulder (US); National Institute of S
   13 A5107856006        J. Ye                None          216           15488 display              False snapshot                 The First People's Hospital of Zhaoqing (CN)
   14 A5114242012        J. Ye                None          246           13326 display              False snapshot Beijing Technology and Business University (CN); Beijing Nor
   15 A5030009208        J. Ye                None           24           11758 display              False snapshot                                                             
NOT RESOLVED: ambiguous: the two most cited candidates have 40,502 and 14,458 citations. Choose with --pick N (the rank above), --affiliation, --orcid or --author-id.

=== John B. Pendry
OpenAlex author search not reachable (HTTPError): snapshot candidates only
 rank   author_id display_name               orcid  works_count  cited_by_count   match  affiliation_match   source                                                 institutions
    1 A5011614810 J. B. Pendry 0000-0003-3839-8547          607          100691 display               True snapshot Imperial College London (GB); City University of New York (U
    2 A5044125517 J. B. Pendry                None            1               0 display               True snapshot                                 Imperial College London (GB)
    3 A5074269764 J. B. Pendry                None            1               0 display               True snapshot                                 Imperial College London (GB)
    4 A5065557736  J.B. Pendry                None            5               2 display              False snapshot                                                             
    5 A5014705330  J.B. Pendry                None            3               1 display              False snapshot                                                             
    6 A5064970833  J.B. Pendry                None            1               0 display              False snapshot                                                             
    7 A5059478892  J.B. Pendry                None            1               0 display              False snapshot                                                             
    8 A5013270275  J.B. Pendry                None            1               0 display              False snapshot                                                             
    9 A5105755880  John Pendry                None            2               0 display              False snapshot                                                             
   10 A5082751854  J.B. Pendry                None            2               0 display              False snapshot                                                             
   11 A5000106719  J.B. Pendry                None            1               0 display              False snapshot                                                             
   12 A5026819305  J.B. Pendry                None            2               0 display              False snapshot                                                             
   13 A5035768803  J.B. Pendry                None            1               0 display              False snapshot                                                             
   14 A5035188474 J. B. Pendry                None            1               0 display              False snapshot                                                             
   15 A5009744761  J.B. Pendry                None            1               0 display              False snapshot                                                             
query 'John B. Pendry': picked A5011614810 J. B. Pendry [most cited (100,691 vs 0 citations)]

=== David R. Smith
OpenAlex author search not reachable (HTTPError): snapshot candidates only
 rank   author_id    display_name               orcid  works_count  cited_by_count   match  affiliation_match   source                                                 institutions
    1 A5042580914  David R. Smith 0000-0002-4832-6208          657          103240 display               True snapshot            Université de Bordeaux (FR); Duke University (US)
    2 A5059119479  David R. Smith 0000-0003-3658-4506          329            2728 display               True snapshot                                         Duke University (US)
    3 A5012274220     D. R. Smith                None            4             842 display               True snapshot                                         Duke University (US)
    4 A5101805003  David R. Smith 0000-0001-9093-7056           29             313 display               True snapshot                                         Duke University (US)
    5 A5108116580  David R. Smith                None            4              70 display               True snapshot                                         Duke University (US)
    6 A5112184375         D Smith                None           12              28 display               True snapshot          Duke University (US); Duke University Hospital (US)
    7 A5047474127     D. A. Smith 0000-0002-7833-0275          305           25181   alias               True snapshot Centre National de la Recherche Scientifique (FR); Duke Univ
    8 A5090728060  David A. Smith 0000-0001-6671-0978          346            6618   alias               True snapshot Duke University (US); University of California System (US); 
    9 A5078224387  D. MOODY SMITH                None            2               0   alias               True snapshot                                         Duke University (US)
   10 A5107873109        D. Smith                None          426           60239 display              False snapshot                                                             
   11 A5075965166     David Smith 0000-0002-7860-9452         1021           38692 display              False snapshot Piedmont Cancer Institute (US); Oregon State University (US)
   12 A5086123605     David Smith 0000-0001-9644-2353          393           15327 display              False snapshot   Glasgow Royal Infirmary (GB); Mercy Health Foundation (US)
   13 A5107854064        D. Smith                None           99            9860 display              False snapshot                    Embry–Riddle Aeronautical University (US)
   14 A5107910068        D. Smith                None          132            7468 display              False snapshot                                   University of Bristol (GB)
   15 A5066619822 David Roy Smith 0000-0001-9560-5210          258            6921 display              False snapshot                                      Western University (CA)
query 'David R. Smith': picked A5042580914 David R. Smith [most cited (103,240 vs 2,728 citations)]; same-name fragments A5108116580

=== Eli Yablonovitch
OpenAlex author search not reachable (HTTPError): snapshot candidates only
 rank   author_id     display_name               orcid  works_count  cited_by_count   match  affiliation_match   source                                           institutions
    1 A5017829753 Eli Yablonovitch 0000-0002-5724-3375          628           52432 display               True snapshot                University of California, Berkeley (US)
    2 A5017105294  E. Yablonovitch                None            1              18 display              False snapshot             University of California, Los Angeles (US)
    3 A5099243685 Eli Yablonovitch                None            6               3 display              False snapshot University of the Holy Quran and Islamic Sciences (SD)
    4 A5011364909  E. Yablonovitch                None            1               0 display              False snapshot             University of California, Los Angeles (US)
    5 A5037550843  E. Yablonovitch                None            1               0 display              False snapshot                                                       
    6 A5077950987  E. Yablonovitch                None            3               0 display              False snapshot             University of California, Los Angeles (US)
    7 A5043533222  E. Yablonovitch                None            1               0 display              False snapshot                                                       
    8 A5049071896   E Yablonovitch                None            1               0 display              False snapshot                                                       
    9 A5050238892  E. Yablonovitch                None            1               0 display              False snapshot             University of California, Los Angeles (US)
   10 A5026271407  E. Yablonovitch                None            1               0 display              False snapshot                                   Core Competence (US)
   11 A5037493034   E Yablonovitch                None            1               0 display              False snapshot                                                       
query 'Eli Yablonovitch': picked A5017829753 Eli Yablonovitch [only candidate at the given affiliation]

=== Michael V. Berry
OpenAlex author search not reachable (HTTPError): snapshot candidates only
 rank   author_id  display_name               orcid  works_count  cited_by_count   match  affiliation_match   source                                       institutions
    1 A5006305535   M. V. BERRY                None            5             311 display               True snapshot                         University of Bristol (GB)
    2 A5102434585 Michael Berry                None            5              14 display               True snapshot                         University of Bristol (GB)
    3 A5058909979   M. V. BERRY                None            1              11 display               True snapshot                   Bristol Robotics Laboratory (GB)
    4 A5020886565   M. V. BERRY                None            1               3 display               True snapshot                   Bristol Robotics Laboratory (GB)
    5 A5022096698   M. V. Berry                None            1               2 display               True snapshot                   Bristol Robotics Laboratory (GB)
    6 A5032028611   M. V. BERRY                None            1               0 display               True snapshot                   Bristol Robotics Laboratory (GB)
    7 A5032503181 Michael Berry 0000-0001-7921-2468          551           47597 display              False snapshot            Oregon Health & Science University (US)
    8 A5003372081      M. Berry                None           31            4025 display              False snapshot                                                   
    9 A5027365314      M. Berry 0000-0002-9712-0919           41             860 display              False snapshot        Edinburgh Instruments (United Kingdom) (GB)
   10 A5035782278 Michael Berry 0000-0002-0869-9608           39             711 display              False snapshot                                                   
   11 A5062982324 Michael Berry 0000-0003-2134-9335           34             634 display              False snapshot                                Oldham Council (GB)
   12 A5109211418 Michael Berry                None           35             553 display              False snapshot                                                   
   13 A5110462174 Michael Berry                None           61             346 display              False snapshot                        University of Tasmania (AU)
   14 A5005425182      M. Berry 0000-0002-2465-2789           17             212 display              False snapshot                 North Dakota State University (US)
   15 A5057497305       M Berry                None           11             143 display              False snapshot St. Elisabeth Hospital (CW); Erasmus Hospital (BE)
query 'Michael V. Berry': picked A5006305535 M. V. BERRY [most cited (311 vs 14 citations)]

=== Yakir Aharonov
OpenAlex author search not reachable (HTTPError): snapshot candidates only
 rank   author_id         display_name orcid  works_count  cited_by_count   match  affiliation_match   source             institutions
    1 A5046674773       Yakir Aharonov  None          350           30105 display              False snapshot  Yeshiva University (US)
    2 A5113495510       Yakir Aharonov  None            5               1 display              False snapshot Tel Aviv University (IL)
    3 A5111433037       Yakir Aharonov  None            4               1 display              False snapshot Tel Aviv University (IL)
    4 A5109039821       Yakir Aharonov  None            3               1 display              False snapshot Tel Aviv University (IL)
    5 A5108284801 Prof. Yakir Aharonov  None            1               1 display              False snapshot Tel Aviv University (IL)
    6 A5061746212          Y. Aharonov  None            1               1 display              False snapshot                         
    7 A5095793814 Prof. Yakir Aharonov  None            2               0 display              False snapshot Tel Aviv University (IL)
    8 A5112732547 Prof. Yakir Aharonov  None            1               0 display              False snapshot Tel Aviv University (IL)
    9 A5113980043 Prof. Yakir Aharonov  None            2               0 display              False snapshot Tel Aviv University (IL)
   10 A5095794324 Prof. Yakir Aharonov  None            1               0 display              False snapshot Tel Aviv University (IL)
   11 A5040875176           Y Aharonov  None            1               0 display              False snapshot                         
query 'Yakir Aharonov': picked A5046674773 Yakir Aharonov [most cited (30,105 vs 1 citations)]

=== Allan H. MacDonald
OpenAlex author search not reachable (HTTPError): snapshot candidates only
 rank   author_id         display_name               orcid  works_count  cited_by_count   match  affiliation_match   source                                                 institutions
    1 A5022064172      A. H. MacDonald 0000-0003-3561-3379         1320           84484 display               True snapshot                       The University of Texas at Austin (US)
    2 A5107561069 Allan Hugh MacDonald                None            1             104 display               True snapshot                       The University of Texas at Austin (US)
    3 A5043209789          A Macdonald 0000-0002-4268-9227           56            1849 display              False snapshot                                    North Shore Hospital (NZ)
    4 A5071586542      Allan MacDonald                None           37             931 display              False snapshot                                                             
    5 A5101789939         A. MacDonald 0000-0001-5626-7271           34             753 display              False snapshot Royal Marsden Hospital (GB); NHS Greater Glasgow and Clyde (
    6 A5065230041          A MacDonald 0000-0003-4774-0244          224             748 display              False snapshot                                  University of Tasmania (AU)
    7 A5102714578         A. Macdonald 0000-0001-7012-3952           22             432 display              False snapshot Freeman Hospital (GB); Newcastle upon Tyne Hospitals NHS Fou
    8 A5037644056         A. MacDonald                None           21             403 display              False snapshot                                        Georgian College (CA)
    9 A5112181655          A MacDonald                None           19             388 display              False snapshot                                                             
   10 A5089736046      A. H. MacDonald                None            7             250 display              False snapshot                                                             
   11 A5079771781          A MACDONALD                None            6             192 display              False snapshot Dalhousie University (CA); Queen Elizabeth II Health Science
   12 A5047807173         A. Macdonald                None           15             182 display              False snapshot                                                             
   13 A5103511073     Allan. MacDonald                None            4             143 display              False snapshot                                                             
   14 A5029837852         A. MacDonald                None            2             141 display              False snapshot                          University Hospital Crosshouse (GB)
   15 A5111822018         A. Macdonald                None            3             108 display              False snapshot                                                             
query 'Allan H. MacDonald': picked A5022064172 A. H. MacDonald [most cited (84,484 vs 104 citations)]

=== Pablo Jarillo-Herrero
OpenAlex author search not reachable (HTTPError): snapshot candidates only
 rank   author_id          display_name               orcid  works_count  cited_by_count   match  affiliation_match   source                                                 institutions
    1 A5058224422 Pablo Jarillo‐Herrero 0000-0001-8217-8213          429           55139 display              False snapshot                                                             
    2 A5014817799         Pablo Herrero 0000-0002-5529-5008          280            3657 display              False snapshot Central University Hospital of Asturias (ES); Instituto de I
    3 A5073452686         Pablo Herrero 0000-0002-9201-0120          130            1277 display              False snapshot                          Universidad Autónoma de Madrid (ES)
    4 A5102250029         Pablo Herrero                None            5              31 display              False snapshot                                                             
    5 A5011273963            P. HERRERO                None            3              25 display              False snapshot                                                             
    6 A5079230400         Pablo Herrero                None            2              22 display              False snapshot                         Center for Environmental Health (US)
    7 A5061717656         Pablo Herrero                None            5               8 display              False snapshot                           European University Institute (IT)
    8 A5057033957            P. Herrero                None            1               7 display              False snapshot                                                             
    9 A5013253612             P HERRERO                None            1               5 display              False snapshot                                                             
   10 A5028153052    P. Jarillo-Herrero                None            2               1 display              False snapshot                                                             
   11 A5028605307 Pablo Jarillo Herrero                None            1               0 display              False snapshot                                                             
   12 A5096599785         Pablo Herrero                None            1               0 display              False snapshot                                                             
   13 A5028677854            P. Herrero                None            1               0 display              False snapshot                                                             
   14 A5087322854             P Herrero                None            1               0 display              False snapshot                                                             
   15 A5118457974         Pablo Herrero                None            1               0 display              False snapshot                                                             
query 'Pablo Jarillo-Herrero': picked A5058224422 Pablo Jarillo‐Herrero [most cited (55,139 vs 3,657 citations)]

=== Rafi Bistritzer
OpenAlex author search not reachable (HTTPError): snapshot candidates only
 rank   author_id    display_name orcid  works_count  cited_by_count   match  affiliation_match   source institutions
    1 A5029465105 Rafi Bistritzer  None           18            4305 display              False snapshot             
query 'Rafi Bistritzer': picked A5029465105 Rafi Bistritzer [only candidate whose display name matches]

=== Charles H. Bennett
OpenAlex author search not reachable (HTTPError): snapshot candidates only
 rank   author_id       display_name               orcid  works_count  cited_by_count   match  affiliation_match   source                                                 institutions
    1 A5053166798 Charles H. Bennett 0000-0002-0414-3733          207           68178 display              False snapshot                                                             
    2 A5103040666      C. H. Bennett                None           24           12075 display              False snapshot                                                             
    3 A5042103046         C. Bennett                None           43             720 display              False snapshot University of Cologne (DE); Bristol and Bath Science Park (G
    4 A5108726879 Charles H. Bennett                None            6             603 display              False snapshot                                                             
    5 A5030897161    Charles Bennett                None           19             582 display              False snapshot               Wm. Jennings Bryan Dorn VA Medical Center (US)
    6 A5028829374         C. Bennett                None            3             424 display              False snapshot   European Society of Cardiology (FR); Ghent University (BE)
    7 A5080314570         C. Bennett                None           28             324 display              False snapshot                               Idaho National Laboratory (US)
    8 A5107948107         C. Bennett                None           49             284 display              False snapshot Nanjing Normal University (CN); University of Illinois Chica
    9 A5101387691         C. Bennett                None           28             135 display              False snapshot Florida Institute of Technology (US); Florida State Universi
   10 A5111546321          C Bennett                None            8             124 display              False snapshot                                                             
   11 A5062057362         C. Bennett                None            6              85 display              False snapshot                  Lawrence Livermore National Laboratory (US)
   12 A5105723583         C. Bennett                None           30              61 display              False snapshot University of Illinois Chicago (US); University of Florida (
   13 A5037739296         C. Bennett                None            6              60 display              False snapshot                  Agriculture Food and Rural Development (CA)
   14 A5052282621         C. Bennett                None            2              43 display              False snapshot                                                             
   15 A5050553836        C H Bennett                None            1              43 display              False snapshot                                 University of Cambridge (GB)
query 'Charles H. Bennett': picked A5053166798 Charles H. Bennett [most cited (68,178 vs 12,075 citations)]

=== Gilles Brassard
OpenAlex author search not reachable (HTTPError): snapshot candidates only
 rank   author_id      display_name               orcid  works_count  cited_by_count   match  affiliation_match   source                                                 institutions
    1 A5110284072   Gilles Brassard                None          218           41756 display               True snapshot                                  Université de Montréal (CA)
    2 A5040617478   Gilles Brassard 0000-0002-4380-117X            4             540 display               True snapshot                                  Université de Montréal (CA)
    3 A5023334721   Gillea Brassard                None            2              20   alias               True snapshot                                  Université de Montréal (CA)
    4 A5063901608 G. Morin-Brassard                None            3              73 display              False snapshot                                Université de Sherbrooke (CA)
    5 A5021233025       G. Brassard                None            1              42 display              False snapshot                                                             
    6 A5080494576       G. Brassard                None            1               1 display              False snapshot                                                             
    7 A5034668449       G. Brassard                None            1               0 display              False snapshot FIZ Karlsruhe – Leibniz Institute for Information Infrastruc
    8 A5021752967       G. Brassard                None            2               0 display              False snapshot                                                             
    9 A5024075751        G Brassard                None            1               0 display              False snapshot                                                             
   10 A5033906175   Guy R. Brassard                None           74             509   alias              False snapshot                                                             
query 'Gilles Brassard': picked A5110284072 Gilles Brassard [most cited (41,756 vs 540 citations)]; same-name fragments A5040617478

=== Peter W. Shor
OpenAlex author search not reachable (HTTPError): snapshot candidates only
 rank   author_id  display_name orcid  works_count  cited_by_count   match  affiliation_match   source                               institutions
    1 A5020744800 Peter W. Shor  None          265           44117 display              False snapshot Massachusetts Institute of Technology (US)
    2 A5070748592       P. Shor  None           12            3090 display              False snapshot                                           
    3 A5075461585    Peter Shor  None            4            1794 display              False snapshot                  AT&T (United States) (US)
    4 A5098087738       P. Shor  None            1             158 display              False snapshot                                           
query 'Peter W. Shor': picked A5020744800 Peter W. Shor [most cited (44,117 vs 3,090 citations)]

=== Francis Halzen
OpenAlex author search not reachable (HTTPError): snapshot candidates only
 rank   author_id   display_name               orcid  works_count  cited_by_count   match  affiliation_match   source                                                 institutions
    1 A5023747159      F. Halzen 0000-0001-6224-2417         1122           32442 display               True snapshot                         University of Wisconsin–Madison (US)
    2 A5021894060      F. Halzen                None           24            1418 display               True snapshot                         University of Wisconsin–Madison (US)
    3 A5105972743      F. Halzen                None            6             699 display               True snapshot                         University of Wisconsin–Madison (US)
    4 A5028712646      F. Halzen                None            7             331 display               True snapshot                         University of Wisconsin–Madison (US)
    5 A5106465906      F. Halzen                None            2             124 display               True snapshot University of Wisconsin–Madison (US); Energy Center of Wisco
    6 A5031001354 Francis Halzen                None            1               3 display               True snapshot                         University of Wisconsin–Madison (US)
    7 A5029088193      F. Halzen                None            1               0 display               True snapshot                         University of Wisconsin–Madison (US)
    8 A5086972656      F. Halzen                None           25             575 display              False snapshot                                  RWTH Aachen University (DE)
    9 A5106470229      F. Halzen                None            8             390 display              False snapshot                                                             
   10 A5107935584      F. Halzen                None           30             335 display              False snapshot                                                             
   11 A5055240495      F. Halzen                None            8             154 display              False snapshot                                                             
   12 A5079282690      F. Halzen                None            5              95 display              False snapshot                                                             
   13 A5044421599      F. Halzen                None           15              61 display              False snapshot                                                             
   14 A5110278549      F. Halzen                None            2              39 display              False snapshot                                                             
   15 A5089743287      F. Halzen                None           18              39 display              False snapshot                                                             
query 'Francis Halzen': picked A5023747159 F. Halzen [most cited (32,442 vs 1,418 citations)]; same-name fragments A5021894060, A5105972743, A5028712646, A5106465906

=== Albrecht Karle
OpenAlex author search not reachable (HTTPError): snapshot candidates only
 rank   author_id   display_name               orcid  works_count  cited_by_count   match  affiliation_match   source                                                 institutions
    1 A5064240266       A. Karle 0000-0001-9889-5161          557           13977 display               True snapshot Campbell Collaboration (NO); University of Wisconsin–Madison
    2 A5107934320       A. Karle                None           11             697 display               True snapshot University of Alberta (CA); University of Wisconsin–Madison 
    3 A5105365516 Albrecht Karle                None            1              14 display               True snapshot                         University of Wisconsin–Madison (US)
    4 A5109050767       A. Karle                None            1               0 display               True snapshot                         University of Wisconsin–Madison (US)
    5 A5108122950       A. Karle                None          179           10677 display              False snapshot                                                             
    6 A5113728009       A. Karle                None           51            1808 display              False snapshot                                                             
    7 A5111862223       A. Karle                None            9             611 display              False snapshot                                                             
    8 A5105869418       A. Karle                None            9             501 display              False snapshot                                                             
    9 A5057348246    A. S. Karle                None           20              67 display              False snapshot                                                             
   10 A5105542469       A. Karle                None            2              64 display              False snapshot                                                             
   11 A5106485983       A. Karle                None            2              58 display              False snapshot                                                             
   12 A5081123438       A. Karle                None           12              57 display              False snapshot                                                             
   13 A5015467233       A. Karle                None            3              27 display              False snapshot                                                             
   14 A5052310447       A. Karle                None            5              24 display              False snapshot                                                             
   15 A5038268498       A. Karle                None            4              15 display              False snapshot                                                             
query 'Albrecht Karle': picked A5064240266 A. Karle [most cited (13,977 vs 697 citations)]; same-name fragments A5107934320

=== Naoko Kurahashi Neilson
OpenAlex author search not reachable (HTTPError): snapshot candidates only
 rank   author_id            display_name orcid  works_count  cited_by_count   match  affiliation_match   source                                                 institutions
    1 A5024594692 Naoko Kurahashi Neilson  None          178             738 display               True snapshot                                       Drexel University (US)
    2 A5053991475              N. Neilson  None           47             284 display              False snapshot                                                             
    3 A5073198105              N. Neilson  None            2             172 display              False snapshot                                                             
    4 A5040338775              N. Neilson  None            2              71 display              False snapshot                                                             
    5 A5085082128              N. Neilson  None            1              20 display              False snapshot                                                             
    6 A5035333986              N. Neilson  None            1              11 display              False snapshot                                                             
    7 A5077295137              N. Neilson  None            1               3 display              False snapshot                                                             
    8 A5105320447              N. Neilson  None            1               2 display              False snapshot                                                             
    9 A5036721914              N. Neilson  None            1               0 display              False snapshot                                                             
   10 A5099708213              N. Neilson  None            1               0 display              False snapshot                                                             
   11 A5053172703              N. Neilson  None            1               0 display              False snapshot                                                             
   12 A5012387244              N. Neilson  None            1               0 display              False snapshot                                                             
   13 A5009169794              N. Neilson  None            1               0 display              False snapshot                                                             
   14 A5090665060          Nicole Neilson  None           15             635   alias              False snapshot Vancouver Coastal Health (CA); University of British Columbi
   15 A5064195138        Norma J. Neilson  None            2               2   alias              False snapshot                                                             
query 'Naoko Kurahashi Neilson': picked A5024594692 Naoko Kurahashi Neilson [only candidate at the given affiliation]

=== Heino Falcke
OpenAlex author search not reachable (HTTPError): snapshot candidates only
 rank   author_id    display_name               orcid  works_count  cited_by_count   match  affiliation_match   source                                                 institutions
    1 A5050345412       H. Falcke 0000-0002-2526-6724         1257           53398 display               True snapshot Joint Institute for Nuclear Astrophysics (US); None (?); Nat
    2 A5101058661    Heino Falcke                None            1              41 display               True snapshot                             Radboud University Nijmegen (NL)
    3 A5073314315    Heino Falcke                None            1              20 display               True snapshot                             Radboud University Nijmegen (NL)
    4 A5062810731    H. C. Falcke                None            6              78 display              False snapshot                                                             
    5 A5109426766    Heino Falcke                None            2              56 display              False snapshot                     National Astronomical Observatories (CN)
    6 A5105464287 H. D. E. Falcke                None            1              18 display              False snapshot          Max Planck Innovation (DE); Max Planck Society (DE)
    7 A5078822095       H. Falcke                None            1               3 display              False snapshot                                                             
    8 A5100819372    Heino Falcke                None            6               1 display              False snapshot                                                             
    9 A5111253977    Heino Falcke                None           23               1 display              False snapshot                                                             
   10 A5119353133    Heino Falcke                None            1               0 display              False snapshot                                                             
   11 A5122170909    Heino Falcke                None            2               0 display              False snapshot                                                             
   12 A5120411356    Heino Falcke                None            1               0 display              False snapshot                                                             
   13 A5095247868    Heino Falcke                None            1               0 display              False snapshot                                                             
   14 A5011973295       H. Falcke                None            1               0 display              False snapshot                                                             
   15 A5023618292       H. Falcke                None            1               0 display              False snapshot                                                             
query 'Heino Falcke': picked A5050345412 H. Falcke [most cited (53,398 vs 41 citations)]

=== Sheperd S. Doeleman
OpenAlex author search not reachable (HTTPError): snapshot candidates only
 rank   author_id        display_name               orcid  works_count  cited_by_count   match  affiliation_match   source                                                 institutions
    1 A5023737919 Sheperd S. Doeleman 0000-0002-9031-0904          304           21998 display               True snapshot Woodwell Climate Research Center (US); Center for Astrophysi
    2 A5037625362         S. Doeleman                None            7             133 display              False snapshot                                                             
    3 A5083690815         S. Doeleman                None            1               1 display              False snapshot                                                             
    4 A5122183673 Sheperd S. Doeleman                None            2               0 display              False snapshot                                                             
    5 A5064788986          S Doeleman                None            1               0 display              False snapshot                                                             
query 'Sheperd S. Doeleman': picked A5023737919 Sheperd S. Doeleman [only candidate at the given affiliation]

=== Katherine L. Bouman
OpenAlex author search not reachable (HTTPError): snapshot candidates only
 rank   author_id        display_name               orcid  works_count  cited_by_count   match  affiliation_match   source                                                 institutions
    1 A5061668167 Katherine L. Bouman 0000-0003-0077-4367          154           18778 display              False snapshot                                                             
    2 A5111658766           K. Bouman                None           35             551 display              False snapshot John Wiley & Sons (United Kingdom) (GB); Hudson Institute (U
    3 A5068308880           K. Bouman                None            2               2 display              False snapshot                                                             
    4 A5106099615           K. Bouman                None            1               1 display              False snapshot                                                             
    5 A5084447318           K. Bouman                None            1               0 display              False snapshot                                                             
    6 A5007621954           K. Bouman                None            3               0 display              False snapshot                             Radboud University Nijmegen (NL)
    7 A5102464342    Katherine Bouman                None            1               0 display              False snapshot                                                             
    8 A5091402597           K. Bouman                None            1               0 display              False snapshot                                                             
    9 A5112152836    Katelijne Bouman 0000-0001-9253-8200           33            1044   alias              False snapshot University of Groningen (NL); University Medical Center Gron
   10 A5050194154         Koen Bouman                None           11             296   alias              False snapshot                                 ZNA Middelheim Hospital (BE)
   11 A5082046760      Karlijn Bouman 0000-0003-4964-3077           37             257   alias              False snapshot Radboud University Nijmegen (NL); Radboud University Medical
   12 A5117579553 L. Katherine Bouman                None            6               4   alias              False snapshot                      California Institute of Technology (US)
   13 A5013166694        Karin Bouman                None            2               3   alias              False snapshot                                   Karolinska Institutet (SE)
query 'Katherine L. Bouman': picked A5061668167 Katherine L. Bouman [most cited (18,778 vs 551 citations)]

=== Immanuel Bloch
OpenAlex author search not reachable (HTTPError): snapshot candidates only
 rank   author_id   display_name               orcid  works_count  cited_by_count   match  affiliation_match   source                                                 institutions
    1 A5032954061 Immanuel Bloch 0000-0002-0679-4759          421           59679 display               True snapshot Max Planck Institute of Quantum Optics (DE); Munich Center f
    2 A5107850197       I. Bloch                None          669           60812 display              False snapshot                   Deutsches Elektronen-Synchrotron DESY (DE)
    3 A5105675217       I. Bloch 0000-0002-6696-5169          617           15321 display              False snapshot University of Siegen (DE); Deutsches Elektronen-Synchrotron 
    4 A5111711088       I. Bloch                None          116            8004 display              False snapshot                   Deutsches Elektronen-Synchrotron DESY (DE)
    5 A5000984332       I. Bloch                None           84            5649 display              False snapshot                   Deutsches Elektronen-Synchrotron DESY (DE)
    6 A5111123713       I. Bloch                None           45            1570 display              False snapshot                   Deutsches Elektronen-Synchrotron DESY (DE)
    7 A5110653535       I. Bloch                None           14            1234 display              False snapshot                   Deutsches Elektronen-Synchrotron DESY (DE)
    8 A5107883196       I. Bloch                None           27            1106 display              False snapshot                   Deutsches Elektronen-Synchrotron DESY (DE)
    9 A5107846762       I. Bloch                None           15             788 display              False snapshot                   Deutsches Elektronen-Synchrotron DESY (DE)
   10 A5102051432       I. Bloch                None            1             665 display              False snapshot                   Fermi National Accelerator Laboratory (US)
   11 A5106296504       I. Bloch                None            4             516 display              False snapshot                   Fermi National Accelerator Laboratory (US)
   12 A5108506795       I. Bloch                None            3             514 display              False snapshot                   Fermi National Accelerator Laboratory (US)
   13 A5107941465       I. Bloch                None           13             479 display              False snapshot                   Deutsches Elektronen-Synchrotron DESY (DE)
   14 A5113683345       I. Bloch                None           11             447 display              False snapshot                   Deutsches Elektronen-Synchrotron DESY (DE)
   15 A5104474835       I. Bloch                None            5             387 display              False snapshot                   Fermi National Accelerator Laboratory (US)
query 'Immanuel Bloch': picked A5032954061 Immanuel Bloch [only candidate at the given affiliation]

=== J. Ignacio Cirac
OpenAlex author search not reachable (HTTPError): snapshot candidates only
 rank   author_id            display_name               orcid  works_count  cited_by_count   match  affiliation_match   source                                                 institutions
    1 A5083228566             J. I. Cirac 0000-0003-3359-1743          902          101577 display               True snapshot Max Planck Institute of Quantum Optics (DE); Munich Center f
    2 A5068166294             J. I. Cirac                None            1             131 display              False snapshot                                                             
    3 A5070433353              J.I. Cirac                None            1              12 display              False snapshot                                                             
    4 A5023543993             J. I. Cirac                None            2               3 display              False snapshot                                   Universität Innsbruck (AT)
    5 A5079340255             J. I. Cirac                None            1               0 display              False snapshot                                   Universität Innsbruck (AT)
    6 A5065946143            Judith Cirac                None            1               0 display              False snapshot Centro de Investigación Biomédica en Red de Epidemiología y 
    7 A5087641320            Javier Cirac                None            1               0 display              False snapshot                                                             
    8 A5007307024        J. Ignazio Cirac                None            1               0 display              False snapshot                                                             
    9 A5087340379             J. I. Cirac                None            1               0 display              False snapshot                                                             
   10 A5064979290               J I Cirac                None            1               0 display              False snapshot                                                             
   11 A5009754105                J. Cirac                None            1               0 display              False snapshot                                                             
   12 A5112256402              Juan Cirac                None            1               0 display              False snapshot                                                             
   13 A5069062748 Josep Moncunill i Cirac                None            1               0 display              False snapshot                                                             
query 'J. Ignacio Cirac': picked A5083228566 J. I. Cirac [only candidate at the given affiliation]

=== Peter Zoller
OpenAlex author search not reachable (HTTPError): snapshot candidates only
 rank   author_id display_name               orcid  works_count  cited_by_count   match  affiliation_match   source                                                 institutions
    1 A5016282235    P. Zoller 0000-0003-4014-1505          812           93729 display               True snapshot Universität Innsbruck (AT); Austrian Academy of Sciences (AT
    2 A5048153174    P. Zoller                None            2               3 display               True snapshot                                   Universität Innsbruck (AT)
    3 A5073643858    P. Zoller                None            1               0 display               True snapshot                                   Universität Innsbruck (AT)
    4 A5109512368    P. Zoller                None           99            4688 display              False snapshot                                                             
    5 A5109716288 Peter Zoller                None           11             491 display              False snapshot                                                             
    6 A5047346460 Peter Zoller                None            8              97 display              False snapshot                                                             
    7 A5081727049    P. Zoller                None           12              91 display              False snapshot                                     University of Basel (CH)
    8 A5076306445 Peter Zoller                None            3              52 display              False snapshot International Breast Cancer Study Group (CH); University Hos
    9 A5052945437     P Zoller                None            1              25 display              False snapshot                                                             
   10 A5062928948 Peter Zöller                None           11              18 display              False snapshot                                           BMW (Germany) (DE)
   11 A5001178950     P Zoller                None            1              11 display              False snapshot                                                             
   12 A5005209109    P. Zoller                None            1               1 display              False snapshot                                                             
   13 A5007998621    P. Zoller                None            1               0 display              False snapshot                                                             
   14 A5007087793    P. Zoller                None            1               0 display              False snapshot                                                             
   15 A5010859899 P.-H. Zoller                None            2               0 display              False snapshot                                                             
query 'Peter Zoller': picked A5016282235 P. Zoller [most cited (93,729 vs 3 citations)]; same-name fragments A5048153174

=== Alfred Y. Cho
OpenAlex author search not reachable (HTTPError): snapshot candidates only
 rank   author_id  display_name               orcid  works_count  cited_by_count   match  affiliation_match   source                                                 institutions
    1 A5069793147 Alfred Y. Cho                None          222           15896 display              False snapshot                                       Sejong University (KR)
    2 A5110871963     A. Y. Cho                None           78            1793 display              False snapshot                                                             
    3 A5021072011      A.Y. Cho                None           84            1732 display              False snapshot                                                             
    4 A5019597534      A.Y. Cho                None            2            1411 display              False snapshot                                                             
    5 A5085363530     A. Y. Cho                None           24            1328 display              False snapshot                                                             
    6 A5077859853     A. Y. Cho                None            2             587 display              False snapshot                                                             
    7 A5087745083     A. Y. Cho                None            2             528 display              False snapshot                                                             
    8 A5053744784     A. Y. Cho                None            1             443 display              False snapshot                      California Institute of Technology (US)
    9 A5053732245     A. Y. Cho                None            2             430 display              False snapshot                                                             
   10 A5068496379      A.Y. Cho                None           35             424 display              False snapshot Alcatel Lucent (Germany) (DE); National Cheng Kung Universit
   11 A5075207965     A. Y. Cho                None            2             388 display              False snapshot                                                             
   12 A5056735740     A. Y. Cho                None            2             325 display              False snapshot                                                             
   13 A5004126925     A. Y. Cho                None            2             317 display              False snapshot                                                             
   14 A5086470903        A. Cho                None            5             307 display              False snapshot                                                             
   15 A5035460259        A. Cho 0000-0002-5555-2270           32             306 display              False snapshot Medical University of Vienna (AT); Catholic University of Ko
query 'Alfred Y. Cho': picked A5069793147 Alfred Y. Cho [most cited (15,896 vs 1,793 citations)]

=== Federico Capasso
OpenAlex author search not reachable (HTTPError): snapshot candidates only
 rank   author_id     display_name               orcid  works_count  cited_by_count   match  affiliation_match   source                                                 institutions
    1 A5066671589 Federico Capasso 0000-0003-4534-8249         1396          101246 display               True snapshot       Harvard University (US); Harvard University Press (US)
    2 A5107844071 Federico Capasso 0000-0003-4534-8249           19             194 display               True snapshot       Harvard University Press (US); Harvard University (US)
    3 A5071536136       F. Capasso                None            1               0 display               True snapshot                                Harvard University Press (US)
    4 A5107834510 Federico Capasso                None           31            2710 display              False snapshot                                                             
    5 A5065534850       F. Capasso                None           81             815 display              False snapshot                                                             
    6 A5051924247       F. Capasso                None           18             324 display              False snapshot                                Casa di Cura San Michele (IT)
    7 A5005724057       F. Capasso                None           22             272 display              False snapshot Surgical Specialties (Canada) (CA); University of Brescia (I
    8 A5058044354 Federico Capasso                None           27             223 display              False snapshot                                                             
    9 A5040709347       F. Capasso 0000-0002-0071-2775           36             200 display              False snapshot The University of Texas Health Science Center at San Antonio
   10 A5070705142        F Capasso                None            8             143 display              False snapshot                             Sapienza University of Rome (IT)
   11 A5036871758       F. Capasso                None            3              98 display              False snapshot                                                             
   12 A5031076004       F. Capasso                None            1               3 display              False snapshot                                                             
   13 A5047277022       F. Capasso                None            1               2 display              False snapshot                                                             
   14 A5024806761        F Capasso                None            6               2 display              False snapshot                                                             
   15 A5038633103       F. Capasso                None            4               1 display              False snapshot                        University of Naples Federico II (IT)
query 'Federico Capasso': picked A5066671589 Federico Capasso [most cited (101,246 vs 194 citations)]; same-name fragments A5107844071

=== Jérôme Faist
OpenAlex author search not reachable (HTTPError): snapshot candidates only
 rank   author_id       display_name               orcid  works_count  cited_by_count   match  affiliation_match   source                                                 institutions
    1 A5036468741       Jérôme Faist 0000-0003-4429-7988         1309           38538 display               True snapshot None (?); ETH Zurich (CH); ZTE (United States) (US); Quantum
    2 A5105356310       Jérôme Faist                None            4              60 display               True snapshot                                              ETH Zurich (CH)
    3 A5111914836           J. Faist                None            1               7 display               True snapshot                                              ETH Zurich (CH)
    4 A5109604475       Jérôme Faist                None            6               1 display               True snapshot                                              ETH Zurich (CH)
    5 A5039916773           J. Faist                None            1               0 display               True snapshot                                              ETH Zurich (CH)
    6 A5039732328           J. Faist                None            7             580 display              False snapshot                                                             
    7 A5090111545           J. Faist                None           13             181 display              False snapshot                                                             
    8 A5017055440           J. Faist                None            1               3 display              False snapshot                                                             
    9 A5106121632       Jérôme Faist                None            2               0 display              False snapshot                                                             
   10 A5120934817       Jérôme Faist                None            1               0 display              False snapshot                                                             
   11 A5029072450            J FAIST                None            1               0 display              False snapshot                                 University of Neuchâtel (CH)
   12 A5018988524           J. Faist                None            1               0 display              False snapshot                                                             
   13 A5061061081           J. Faist                None            1               0 display              False snapshot                                 University of Neuchâtel (CH)
   14 A5103374119   J ' er ome Faist                None            2               0 display              False snapshot                                                             
   15 A5103782748 Jerome Faist Faist                None            1               0 display              False snapshot                                                             
query 'Jérôme Faist': picked A5036468741 Jérôme Faist [most cited (38,538 vs 60 citations)]; same-name fragments A5105356310, A5109604475

=== Maximilian Haider
OpenAlex author search not reachable (HTTPError): snapshot candidates only
 rank   author_id       display_name               orcid  works_count  cited_by_count   match  affiliation_match   source                                                 institutions
    1 A5013844830      M. Ali Haider 0000-0002-8885-5454          159            3240 display              False snapshot National Renewable Energy Laboratory (US); Indian Institute 
    2 A5085200056  Maximilian Haider 0000-0002-4712-8832           72            2891 display              False snapshot                                                 TU Wien (AT)
    3 A5101693787        M.Z. Haider 0000-0002-8187-0061           92            1489 display              False snapshot                                       Kuwait University (KW)
    4 A5022006767          M. Haider 0000-0003-3343-7295           39            1264 display              False snapshot Nanjing Normal University (CN); Nanjing Xiaozhuang Universit
    5 A5109798297          M. Haider                None           80            1054 display              False snapshot Kabul University (AF); Carilion Clinic (US); National Instit
    6 A5068665703 M Moinuddin Haider 0000-0002-5568-1195           50             550 display              False snapshot                                                             
    7 A5053120215          M. Haider 0009-0005-8674-408X           82             472 display              False snapshot Dow University of Health Sciences (PK); NYU Langone Health (
    8 A5006419126    M. Ishaq Haider                None           14             463 display              False snapshot                                                             
    9 A5017459826       M. M. Haider 0000-0003-4965-5481           26             315 display              False snapshot      Mawlana Bhashani Science and Technology University (BD)
   10 A5108272786          M. Haider                None           31             309 display              False snapshot                                                             
   11 A5109373320        M.G. Haider                None           23             234 display              False snapshot Bangabandhu Sheikh Mujibur Rahman Agricultural University (B
   12 A5101822719 M. Asif Ali Haider 0000-0002-5965-1276           24             225 display              False snapshot                Defence Institute of Advanced Technology (IN)
   13 A5103934680       M. R. Haider                None           16             107 display              False snapshot                                    University of Lahore (PK)
   14 A5104291409        M.Z. Haider                None            7              81 display              False snapshot                               Carle Foundation Hospital (US)
   15 A5103243164  Maximilian Haider 0000-0001-7368-0236            9              68 display              False snapshot                                         Bayer (Germany) (DE)
NOT RESOLVED: ambiguous: the two most cited candidates have 3,240 and 2,891 citations. Choose with --pick N (the rank above), --affiliation, --orcid or --author-id.

=== Knut Urban
OpenAlex author search not reachable (HTTPError): snapshot candidates only
 rank   author_id display_name               orcid  works_count  cited_by_count   match  affiliation_match   source                                                 institutions
    1 A5103487546   Knut Urban                None            2              29 display               True snapshot                                Forschungszentrum Jülich (DE)
    2 A5008176275     K. Urban                None            2               2 display               True snapshot                                Forschungszentrum Jülich (DE)
    3 A5102812716     K. Urban 0000-0003-2677-6651          546           16578 display              False snapshot                                                             
    4 A5111737297     K. Urban                None           59            3489 display              False snapshot         Kirchhoff (Germany) (DE); Heidelberg University (DE)
    5 A5074114886     K. Urban                None            5             554 display              False snapshot    Federal Institute For Materials Research and Testing (DE)
    6 A5102755872     K. Urban 0009-0006-8824-5986            9             505 display              False snapshot Politecnico di Milano (IT); Technical University of Munich (
    7 A5107894520     K. Urban                None            2             461 display              False snapshot Technical University of Munich (DE); Max Planck Institute fo
    8 A5070514045     K. Urban 0000-0003-3100-0313           29             280 display              False snapshot                                   Politecnico di Milano (IT)
    9 A5111307753      K Urban                None           44             129 display              False snapshot      OncoRay (DE); Helmholtz-Zentrum Dresden-Rossendorf (DE)
   10 A5036951410  K. D. Urban 0000-0003-0478-7528           21              67 display              False snapshot                               Cohen Veterans Bioscience (US)
   11 A5089761816     K. Urban                None            1              29 display              False snapshot                                    Hochschule Osnabrück (DE)
   12 A5107366931     K. Urban                None            3              28 display              False snapshot Max Planck Institute for Physics (DE); Technical University 
   13 A5046451397     K. Urban                None            1              23 display              False snapshot                                                             
   14 A5038131657     K. Urban                None            5              23 display              False snapshot                                                             
   15 A5020826249     K. Urban                None            7              12 display              False snapshot                                                             
query 'Knut Urban': picked A5103487546 Knut Urban [most cited (29 vs 2 citations)]

=== Ondrej L. Krivanek
OpenAlex author search not reachable (HTTPError): snapshot candidates only
 rank   author_id       display_name               orcid  works_count  cited_by_count   match  affiliation_match   source                                             institutions
    1 A5071810663 Ondrej L. Krivanek 0000-0001-7271-3737          219           11685 display               True snapshot Nion (United States) (US); Arizona State University (US)
    2 A5037398158     O. L. Krivanek                None           58            1021 display               True snapshot Nion (United States) (US); Arizona State University (US)
    3 A5060215480      O.L. Krivanek                None            6              96 display              False snapshot                                                         
    4 A5042405934      O.L. Krivanek                None            1               6 display              False snapshot                                                         
    5 A5108791351    Ondrej Krivanek                None            3               3 display              False snapshot                                                         
    6 A5062360573    Ondřej Křivánek                None            1               0 display              False snapshot                                                         
    7 A5081579346       O L Krivanek                None            1               0 display              False snapshot                                                         
    8 A5048293782      O.L. Krivanek                None            1               0 display              False snapshot                                                         
    9 A5033149014    Ondřej Křivánek                None            1               0 display              False snapshot                                                         
query 'Ondrej L. Krivanek': picked A5071810663 Ondrej L. Krivanek [most cited (11,685 vs 1,021 citations)]

=== Alan H. Guth
OpenAlex author search not reachable (HTTPError): snapshot candidates only
 rank   author_id display_name orcid  works_count  cited_by_count   match  affiliation_match   source                                                 institutions
    1 A5106289964      A. Güth  None          445           44546 display              False snapshot European Organization for Nuclear Research (CH); RWTH Aachen
    2 A5105707535 Alan H. Guth  None          130           18679 display              False snapshot                                                             
    3 A5113847903      A. Güth  None           65            3950 display              False snapshot                                  RWTH Aachen University (DE)
    4 A5103725144      A. Güth  None           22            3394 display              False snapshot                                  RWTH Aachen University (DE)
    5 A5107881815      A. Güth  None           56            3226 display              False snapshot                                  RWTH Aachen University (DE)
    6 A5106299719      A. Güth  None           28            2231 display              False snapshot                                  RWTH Aachen University (DE)
    7 A5113511729      A. Güth  None           17            1610 display              False snapshot                                  RWTH Aachen University (DE)
    8 A5102064545      A. Güth  None           34            1449 display              False snapshot                                  RWTH Aachen University (DE)
    9 A5110034648      A. Güth  None           15            1417 display              False snapshot                                  RWTH Aachen University (DE)
   10 A5038679315      A. Guth  None           16            1158 display              False snapshot                                  RWTH Aachen University (DE)
   11 A5100814662      A. Güth  None           27            1116 display              False snapshot                                  RWTH Aachen University (DE)
   12 A5009705496      A. Guth  None           23             938 display              False snapshot                                  RWTH Aachen University (DE)
   13 A5106825131      A. Guth  None           13             852 display              False snapshot                                  RWTH Aachen University (DE)
   14 A5105702941      A. Güth  None           15             801 display              False snapshot                                  RWTH Aachen University (DE)
   15 A5106486293      A. Güth  None            8             709 display              False snapshot                                  RWTH Aachen University (DE)
NOT RESOLVED: ambiguous: the two most cited candidates have 44,546 and 18,679 citations. Choose with --pick N (the rank above), --affiliation, --orcid or --author-id.

=== Andrei Linde
OpenAlex author search not reachable (HTTPError): snapshot candidates only
 rank   author_id        display_name               orcid  works_count  cited_by_count   match  affiliation_match   source                                                 institutions
    1 A5014587042        Andrei Linde 0000-0003-4421-9824          372           55632 display               True snapshot   Stanford University (US); Instituto de Física Teórica (ES)
    2 A5063137416         A. T. Linde 0000-0003-1397-4659          190            3748 display              False snapshot                        Carnegie Institution for Science (US)
    3 A5064227421         A. R. Linde                None           29            1026 display              False snapshot Escola Nacional de Saúde Pública (BR); Fundação Oswaldo Cruz
    4 A5108397017            A. Linde                None            7             772 display              False snapshot                                                             
    5 A5109236680             A Linde                None           25             514 display              False snapshot                                       Swedish Institute (SE)
    6 A5049483935  A.J. van der Linde                None           18             487 display              False snapshot             Graduate School Experimental Plant Sciences (NL)
    7 A5071915026      A. Vande‐Linde                None            3             409 display              False snapshot                                     Henry Ford Hospital (US)
    8 A5108635130         A. V. Linde                None           20              94 display              False snapshot Institute of Structural Macrokinetics and Materials Science 
    9 A5088743069     A. van De Linde                None            4              91 display              False snapshot      Merck & Co., Inc., Rahway, NJ, USA (United States) (US)
   10 A5068200873    A. van der Linde                None           32              68 display              False snapshot                                                             
   11 A5003786451      A. de la Linde                None            1              41 display              False snapshot                Andalusian Agency for Healthcare Quality (ES)
   12 A5047756505             A Linde 0000-0001-7429-1216           17              37 display              False snapshot                                Riga Stradiņš University (LV)
   13 A5035960263    A. van der Linde                None            8              34 display              False snapshot Radboud University Medical Center (NL); Amphia Ziekenhuis (N
   14 A5040651551         A. te Linde                None            2               7 display              False snapshot                                                             
   15 A5108301432 A. W. van der Linde                None            1               6 display              False snapshot                        Wageningen University & Research (NL)
query 'Andrei Linde': picked A5014587042 Andrei Linde [only candidate at the given affiliation]

=== Viatcheslav Mukhanov
OpenAlex author search not reachable (HTTPError): snapshot candidates only
 rank   author_id         display_name               orcid  works_count  cited_by_count   match  affiliation_match   source                                                 institutions
    1 A5108489761 Viatcheslav Mukhanov                None          177           19138 display               True snapshot Ludwig-Maximilians-Universität München (DE); Korea Institute
    2 A5021066376          V. Mukhanov                None            1               0 display               True snapshot                  Ludwig-Maximilians-Universität München (DE)
    3 A5086710849       V. A. Mukhanov                None           48             591 display              False snapshot Moscow State University (TJ); Lomonosov Moscow State Univers
    4 A5026800187          V. Mukhanov 0000-0001-7771-8350           43              31 display              False snapshot  Institute of World Economy and International Relations (RU)
    5 A5012746604       V. I. Mukhanov                None           19              13 display              False snapshot                                                             
    6 A5065264348         V V Mukhanov                None            1               6 display              False snapshot                                                             
    7 A5095973831        V.V. MUKHANOV                None            1               5 display              False snapshot                                                             
    8 A5034165893       V. S. Mukhanov                None            6               2 display              False snapshot A.O. Kovalevsky Institute of Biology of the Southern Seas (U
    9 A5068663306        V.F. Mukhanov                None            1               2 display              False snapshot                                                             
   10 A5122877105 Viatcheslav Mukhanov                None            1               0 display              False snapshot                                                             
   11 A5122784798 Viatcheslav Mukhanov                None            1               0 display              False snapshot                                                             
   12 A5063079443        V.E. Mukhanov                None            1               0 display              False snapshot   Moscow State Institute of Electronics and Mathematics (RU)
   13 A5009450416          V. Mukhanov                None            1               0 display              False snapshot                                                             
   14 A5053405017        V.F. Mukhanov                None            1               0 display              False snapshot                                                             
   15 A5100504908       V. V. Mukhanov                None            1               0 display              False snapshot                Bauman Moscow State Technical University (RU)
query 'Viatcheslav Mukhanov': picked A5108489761 Viatcheslav Mukhanov [most cited (19,138 vs 0 citations)]
EXIT=2
