subset of 148 ids written in 9 s
reused  Svetlana Mojsov            A5013143800  (output/record/NA_NA_Svetlana-Mojsov_A5013143800.md)
submitted Jens Juul Holst            A5085434984;A5107964227 job 59851810
submitted Lotte Bjerre Knudsen       A5088627727 job 59851811
submitted Karl Deisseroth            A5014360828;A5112205636;A5025551541 job 59851812
submitted Peter Hegemann             A5032787107 job 59851813
submitted Gero Miesenböck            A5109272997 job 59851814
submitted Carl H. June               A5008558372 job 59851815
submitted Michel Sadelain            A5059625599;A5103081365;A5058976864 job 59851816
submitted Steven A. Rosenberg        A5072133376 job 59851817
submitted Kazutoshi Mori             A5024825620;A5102399723;A5103964342 job 59851818
submitted Peter Walter               A5087493059 job 59851819
submitted Helen H. Hobbs             A5024723638 job 59851820
submitted Nabil G. Seidah            A5090995081 job 59851821
submitted Jonathan C. Cohen          A5043796550 job 59851822
submitted David Klenerman            A5042822683 job 59851823
submitted Shankar Balasubramanian    A5040551102 job 59851824
submitted Emmanuel Mignot            A5073040042;A5021339764;A5109153776 job 59851825
submitted Masashi Yanagisawa         A5006145523;A5108409060;A5007363525;A5111692204;A5111593010 job 59851826
submitted Luis de Lecea              A5055709520;A5032923805 job 59851827
submitted Hans Clevers               A5062248785;A5107392033;A5109947781 job 59851828
submitted Roel Nusse                 A5048466506 job 59851829
submitted Jeffrey M. Friedman        A5065622211;A5107560893 job 59851830
submitted Stephen O'Rahilly          A5013261212 job 59851832
submitted Marc Feldmann              A5057580992;A5104057254 job 59851833
submitted Ravinder N. Maini          A5111772241 job 59851834
submitted Arthur L. Horwich          A5034561133 job 59851835
submitted Franz-Ulrich Hartl         A5086048712;A5111580352;A5109893703;A5103518730 job 59851836
submitted Mary-Claire King           A5049132398 job 59851837
submitted Mark H. Skolnick           A5110003746;A5108406066 job 59851838
submitted Michael R. Stratton        A5058103562 job 59851839
submitted Charles L. Kane            A5003262716 job 59851840
submitted Eugene J. Mele             A5068161598;A5016478835 job 59851841
submitted Laurens W. Molenkamp       A5085660056 job 59851842
submitted Hidetoshi Katori           A5081417357 job 59851843
submitted Jun Ye                     A5100382923;A5029823127;A5108688194 job 59851844
submitted John B. Pendry             A5011614810 job 59851845
submitted David R. Smith             A5042580914;A5108116580 job 59851846
submitted Eli Yablonovitch           A5017829753 job 59851847
submitted Michael V. Berry           A5032503181;A5006305535 job 59851848
submitted Yakir Aharonov             A5046674773 job 59851849
submitted Allan H. MacDonald         A5022064172 job 59851850
submitted Pablo Jarillo-Herrero      A5058224422 job 59851851
submitted Rafi Bistritzer            A5029465105 job 59851852
submitted Charles H. Bennett         A5053166798 job 59851853
submitted Gilles Brassard            A5110284072;A5040617478 job 59851854
submitted Peter W. Shor              A5020744800 job 59851855
submitted Francis Halzen             A5023747159;A5021894060;A5105972743;A5028712646;A5106465906 job 59851856
submitted Albrecht Karle             A5064240266;A5107934320 job 59851857
submitted Naoko Kurahashi Neilson    A5024594692 job 59851858
submitted Heino Falcke               A5050345412 job 59851859
submitted Sheperd S. Doeleman        A5023737919 job 59851860
submitted Katherine L. Bouman        A5061668167 job 59851861
submitted Immanuel Bloch             A5032954061 job 59851862
submitted J. Ignacio Cirac           A5083228566 job 59851863
submitted Peter Zoller               A5016282235;A5048153174 job 59851864
submitted Alfred Y. Cho              A5069793147 job 59851865
submitted Federico Capasso           A5066671589;A5107844071 job 59851866
submitted Jérôme Faist               A5036468741;A5105356310;A5109604475 job 59851867
submitted Maximilian Haider          A5085200056 job 59851868
submitted Knut Urban                 A5102812716 job 59851869
submitted Ondrej L. Krivanek         A5071810663 job 59851870
submitted Alan H. Guth               A5105707535 job 59851871
submitted Andrei Linde               A5014587042 job 59851872
submitted Viatcheslav Mukhanov       A5108489761 job 59851873
submitted Krzysztof Matyjaszewski    A5056539244;A5095795059;A5097674061;A5112835457 job 59851874
submitted Mitsuo Sawamoto            A5009874386 job 59851875
submitted Ezio Rizzardo              A5083403173;A5047504668 job 59851876
submitted Pascal Mayer               A5050699304 job 59851877
submitted Henry J. Snaith            A5081428881 job 59851878
submitted Nam-Gyu Park               A5013544504 job 59851879
submitted Tsutomu Miyasaka           A5030322278 job 59851880
submitted Marvin H. Caruthers        A5027707988 job 59851881
submitted Serge L. Beaucage          A5022821865 job 59851882
submitted Mark D. Matteucci          A5111590685 job 59851883
submitted John F. Hartwig            A5088865204 job 59851884
submitted Jin-Quan Yu                A5108685090;A5122352517 job 59851885
submitted Robert G. Bergman          A5047518475 job 59851886
submitted Pieter R. Cullis           A5050350074;A5111897476 job 59851887
reused  Robert S. Langer           A5042597057;A5111855148  (output/record/NA_NA_Robert-Langer_A5042597057.md)
submitted Kazunori Kataoka           A5015097923;A5078678170 job 59851888
submitted Craig M. Crews             A5016866989 job 59851889
submitted Raymond J. Deshaies        A5066867755 job 59851890
submitted Stuart L. Schreiber        A5035618234;A5111848285;A5109170929;A5108774877 job 59851891
submitted David W. Deamer            A5004480690 job 59851892
submitted Hagan Bayley               A5065179718 job 59851893
submitted Daniel Branton             A5030369201 job 59851894
submitted Michele Parrinello         A5023487560;A5109157985 job 59851895
submitted Roberto Car                A5007841515;A5108128658 job 59851896
submitted Ching W. Tang              A5085816509;A5103415041;A5075010179 job 59851897
submitted Steven A. Van Slyke        A5025520043;A5036976819 job 59851898
submitted Mark E. Thompson           A5035687175 job 59851899
submitted Paul W. K. Rothemund       A5016860712 job 59851900
submitted William M. Shih            A5015398607 job 59851901
submitted Hao Yan                    A5064979753;A5113696260 job 59851902
people/profile_jobs.csv: 94 rows
